Archive member included to satisfy reference by file (symbol)

C:/Users/Eryk/AppData/Local/stm32cube/bundles/gnu-tools-for-stm32/13.3.1+st.9/bin/../lib/gcc/arm-none-eabi/13.3.1/../../../../arm-none-eabi/lib/thumb/v7-m/nofp\libg_nano.a(libc_a-exit.o)
                              C:/Users/Eryk/AppData/Local/stm32cube/bundles/gnu-tools-for-stm32/13.3.1+st.9/bin/../lib/gcc/arm-none-eabi/13.3.1/../../../../arm-none-eabi/lib/thumb/v7-m/nofp/crt0.o (exit)
C:/Users/Eryk/AppData/Local/stm32cube/bundles/gnu-tools-for-stm32/13.3.1+st.9/bin/../lib/gcc/arm-none-eabi/13.3.1/../../../../arm-none-eabi/lib/thumb/v7-m/nofp\libg_nano.a(libc_a-malloc.o)
                              CMakeFiles/gameBobMainMenu.dir/Core/Src/esp8266.c.obj (malloc)
C:/Users/Eryk/AppData/Local/stm32cube/bundles/gnu-tools-for-stm32/13.3.1+st.9/bin/../lib/gcc/arm-none-eabi/13.3.1/../../../../arm-none-eabi/lib/thumb/v7-m/nofp\libg_nano.a(libc_a-mallocr.o)
                              C:/Users/Eryk/AppData/Local/stm32cube/bundles/gnu-tools-for-stm32/13.3.1+st.9/bin/../lib/gcc/arm-none-eabi/13.3.1/../../../../arm-none-eabi/lib/thumb/v7-m/nofp\libg_nano.a(libc_a-malloc.o) (_malloc_r)
C:/Users/Eryk/AppData/Local/stm32cube/bundles/gnu-tools-for-stm32/13.3.1+st.9/bin/../lib/gcc/arm-none-eabi/13.3.1/../../../../arm-none-eabi/lib/thumb/v7-m/nofp\libg_nano.a(libc_a-mlock.o)
                              C:/Users/Eryk/AppData/Local/stm32cube/bundles/gnu-tools-for-stm32/13.3.1+st.9/bin/../lib/gcc/arm-none-eabi/13.3.1/../../../../arm-none-eabi/lib/thumb/v7-m/nofp\libg_nano.a(libc_a-mallocr.o) (__malloc_lock)
C:/Users/Eryk/AppData/Local/stm32cube/bundles/gnu-tools-for-stm32/13.3.1+st.9/bin/../lib/gcc/arm-none-eabi/13.3.1/../../../../arm-none-eabi/lib/thumb/v7-m/nofp\libg_nano.a(libc_a-findfp.o)
                              CMakeFiles/gameBobMainMenu.dir/ThirdParty/FreeRTOS/tasks.c.obj (__sf)
C:/Users/Eryk/AppData/Local/stm32cube/bundles/gnu-tools-for-stm32/13.3.1+st.9/bin/../lib/gcc/arm-none-eabi/13.3.1/../../../../arm-none-eabi/lib/thumb/v7-m/nofp\libg_nano.a(libc_a-fwalk.o)
                              C:/Users/Eryk/AppData/Local/stm32cube/bundles/gnu-tools-for-stm32/13.3.1+st.9/bin/../lib/gcc/arm-none-eabi/13.3.1/../../../../arm-none-eabi/lib/thumb/v7-m/nofp\libg_nano.a(libc_a-findfp.o) (_fwalk_sglue)
C:/Users/Eryk/AppData/Local/stm32cube/bundles/gnu-tools-for-stm32/13.3.1+st.9/bin/../lib/gcc/arm-none-eabi/13.3.1/../../../../arm-none-eabi/lib/thumb/v7-m/nofp\libg_nano.a(libc_a-snprintf.o)
                              CMakeFiles/gameBobMainMenu.dir/Core/Src/esp8266.c.obj (snprintf)
C:/Users/Eryk/AppData/Local/stm32cube/bundles/gnu-tools-for-stm32/13.3.1+st.9/bin/../lib/gcc/arm-none-eabi/13.3.1/../../../../arm-none-eabi/lib/thumb/v7-m/nofp\libg_nano.a(libc_a-sprintf.o)
                              CMakeFiles/gameBobMainMenu.dir/Core/Src/main.c.obj (sprintf)
C:/Users/Eryk/AppData/Local/stm32cube/bundles/gnu-tools-for-stm32/13.3.1+st.9/bin/../lib/gcc/arm-none-eabi/13.3.1/../../../../arm-none-eabi/lib/thumb/v7-m/nofp\libg_nano.a(libc_a-stdio.o)
                              C:/Users/Eryk/AppData/Local/stm32cube/bundles/gnu-tools-for-stm32/13.3.1+st.9/bin/../lib/gcc/arm-none-eabi/13.3.1/../../../../arm-none-eabi/lib/thumb/v7-m/nofp\libg_nano.a(libc_a-findfp.o) (__sread)
C:/Users/Eryk/AppData/Local/stm32cube/bundles/gnu-tools-for-stm32/13.3.1+st.9/bin/../lib/gcc/arm-none-eabi/13.3.1/../../../../arm-none-eabi/lib/thumb/v7-m/nofp\libg_nano.a(libc_a-memset.o)
                              C:/Users/Eryk/AppData/Local/stm32cube/bundles/gnu-tools-for-stm32/13.3.1+st.9/bin/../lib/gcc/arm-none-eabi/13.3.1/../../../../arm-none-eabi/lib/thumb/v7-m/nofp/crt0.o (memset)
C:/Users/Eryk/AppData/Local/stm32cube/bundles/gnu-tools-for-stm32/13.3.1+st.9/bin/../lib/gcc/arm-none-eabi/13.3.1/../../../../arm-none-eabi/lib/thumb/v7-m/nofp\libg_nano.a(libc_a-strcat.o)
                              CMakeFiles/gameBobMainMenu.dir/Core/Src/main.c.obj (strcat)
C:/Users/Eryk/AppData/Local/stm32cube/bundles/gnu-tools-for-stm32/13.3.1+st.9/bin/../lib/gcc/arm-none-eabi/13.3.1/../../../../arm-none-eabi/lib/thumb/v7-m/nofp\libg_nano.a(libc_a-strtok.o)
                              CMakeFiles/gameBobMainMenu.dir/Core/Src/main.c.obj (strtok)
C:/Users/Eryk/AppData/Local/stm32cube/bundles/gnu-tools-for-stm32/13.3.1+st.9/bin/../lib/gcc/arm-none-eabi/13.3.1/../../../../arm-none-eabi/lib/thumb/v7-m/nofp\libg_nano.a(libc_a-strtok_r.o)
                              C:/Users/Eryk/AppData/Local/stm32cube/bundles/gnu-tools-for-stm32/13.3.1+st.9/bin/../lib/gcc/arm-none-eabi/13.3.1/../../../../arm-none-eabi/lib/thumb/v7-m/nofp\libg_nano.a(libc_a-strtok.o) (__strtok_r)
C:/Users/Eryk/AppData/Local/stm32cube/bundles/gnu-tools-for-stm32/13.3.1+st.9/bin/../lib/gcc/arm-none-eabi/13.3.1/../../../../arm-none-eabi/lib/thumb/v7-m/nofp\libg_nano.a(libc_a-strstr.o)
                              CMakeFiles/gameBobMainMenu.dir/Core/Src/main.c.obj (strstr)
[...]
Memory Configuration

Name             Origin             Length             Attributes
RAM              0x20000000         0x00005000         xrw
FLASH            0x08000000         0x00020000         xr
*default*        0x00000000         0xffffffff

Linker script and memory map

LOAD C:/Users/Eryk/AppData/Local/stm32cube/bundles/gnu-tools-for-stm32/13.3.1+st.9/bin/../lib/gcc/arm-none-eabi/13.3.1/thumb/v7-m/nofp/crti.o
LOAD C:/Users/Eryk/AppData/Local/stm32cube/bundles/gnu-tools-for-stm32/13.3.1+st.9/bin/../lib/gcc/arm-none-eabi/13.3.1/thumb/v7-m/nofp/crtbegin.o
LOAD C:/Users/Eryk/AppData/Local/stm32cube/bundles/gnu-tools-for-stm32/13.3.1+st.9/bin/../lib/gcc/arm-none-eabi/13.3.1/../../../../arm-none-eabi/lib/thumb/v7-m/nofp/crt0.o
LOAD cmake/stm32cubemx/CMakeFiles/STM32_Drivers.dir/__/__/Core/Src/system_stm32f1xx.c.obj
LOAD cmake/stm32cubemx/CMakeFiles/STM32_Drivers.dir/__/__/Drivers/STM32F1xx_HAL_Driver/Src/stm32f1xx_hal_gpio_ex.c.obj
LOAD cmake/stm32cubemx/CMakeFiles/STM32_Drivers.dir/__/__/Drivers/STM32F1xx_HAL_Driver/Src/stm32f1xx_hal_tim.c.obj
LOAD cmake/stm32cubemx/CMakeFiles/STM32_Drivers.dir/__/__/Drivers/STM32F1xx_HAL_Driver/Src/stm32f1xx_hal_tim_ex.c.obj
LOAD cmake/stm32cubemx/CMakeFiles/STM32_Drivers.dir/__/__/Drivers/STM32F1xx_HAL_Driver/Src/stm32f1xx_hal_adc.c.obj
LOAD cmake/stm32cubemx/CMakeFiles/STM32_Drivers.dir/__/__/Drivers/STM32F1xx_HAL_Driver/Src/stm32f1xx_hal_adc_ex.c.obj
LOAD cmake/stm32cubemx/CMakeFiles/STM32_Drivers.dir/__/__/Drivers/STM32F1xx_HAL_Driver/Src/stm32f1xx_hal.c.obj
LOAD cmake/stm32cubemx/CMakeFiles/STM32_Drivers.dir/__/__/Drivers/STM32F1xx_HAL_Driver/Src/stm32f1xx_hal_rcc.c.obj
LOAD cmake/stm32cubemx/CMakeFiles/STM32_Drivers.dir/__/__/Drivers/STM32F1xx_HAL_Driver/Src/stm32f1xx_hal_rcc_ex.c.obj
LOAD cmake/stm32cubemx/CMakeFiles/STM32_Drivers.dir/__/__/Drivers/STM32F1xx_HAL_Driver/Src/stm32f1xx_hal_gpio.c.obj
LOAD cmake/stm32cubemx/CMakeFiles/STM32_Drivers.dir/__/__/Drivers/STM32F1xx_HAL_Driver/Src/stm32f1xx_hal_dma.c.obj
LOAD cmake/stm32cubemx/CMakeFiles/STM32_Drivers.dir/__/__/Drivers/STM32F1xx_HAL_Driver/Src/stm32f1xx_hal_cortex.c.obj
LOAD cmake/stm32cubemx/CMakeFiles/STM32_Drivers.dir/__/__/Drivers/STM32F1xx_HAL_Driver/Src/stm32f1xx_hal_pwr.c.obj
LOAD cmake/stm32cubemx/CMakeFiles/STM32_Drivers.dir/__/__/Drivers/STM32F1xx_HAL_Driver/Src/stm32f1xx_hal_flash.c.obj
LOAD cmake/stm32cubemx/CMakeFiles/STM32_Drivers.dir/__/__/Drivers/STM32F1xx_HAL_Driver/Src/stm32f1xx_hal_flash_ex.c.obj
LOAD cmake/stm32cubemx/CMakeFiles/STM32_Drivers.dir/__/__/Drivers/STM32F1xx_HAL_Driver/Src/stm32f1xx_hal_exti.c.obj
LOAD cmake/stm32cubemx/CMakeFiles/STM32_Drivers.dir/__/__/Drivers/STM32F1xx_HAL_Driver/Src/stm32f1xx_hal_spi.c.obj
LOAD cmake/stm32cubemx/CMakeFiles/STM32_Drivers.dir/__/__/Drivers/STM32F1xx_HAL_Driver/Src/stm32f1xx_hal_uart.c.obj
LOAD CMakeFiles/gameBobMainMenu.dir/Core/Src/main.c.obj
LOAD CMakeFiles/gameBobMainMenu.dir/Core/Src/stm32f1xx_it.c.obj
LOAD CMakeFiles/gameBobMainMenu.dir/Core/Src/stm32f1xx_hal_msp.c.obj
LOAD CMakeFiles/gameBobMainMenu.dir/Core/Src/stm32f1xx_hal_timebase_tim.c.obj
LOAD CMakeFiles/gameBobMainMenu.dir/Core/Src/sysmem.c.obj
LOAD CMakeFiles/gameBobMainMenu.dir/Core/Src/syscalls.c.obj
LOAD CMakeFiles/gameBobMainMenu.dir/startup_stm32f103xb.s.obj
LOAD CMakeFiles/gameBobMainMenu.dir/Drivers/LCD/images.c.obj
LOAD CMakeFiles/gameBobMainMenu.dir/Drivers/LCD/lcd.c.obj
LOAD CMakeFiles/gameBobMainMenu.dir/Drivers/LCD/load_game_pic.c.obj
LOAD CMakeFiles/gameBobMainMenu.dir/Drivers/LCD/main_menu_image_temp.c.obj
LOAD CMakeFiles/gameBobMainMenu.dir/Drivers/LCD/play_game_pic.c.obj
LOAD CMakeFiles/gameBobMainMenu.dir/Drivers/LCD/power_off_pic.c.obj
LOAD CMakeFiles/gameBobMainMenu.dir/Drivers/UGUI/Fonts/arial_10X13.c.obj
LOAD CMakeFiles/gameBobMainMenu.dir/Drivers/UGUI/Fonts/arial_10X13_cyrillic.c.obj
LOAD CMakeFiles/gameBobMainMenu.dir/Drivers/UGUI/Fonts/arial_12X15.c.obj
LOAD CMakeFiles/gameBobMainMenu.dir/Drivers/UGUI/Fonts/arial_12X15_cyrillic.c.obj
LOAD CMakeFiles/gameBobMainMenu.dir/Drivers/UGUI/Fonts/arial_16X18.c.obj
LOAD CMakeFiles/gameBobMainMenu.dir/Drivers/UGUI/Fonts/arial_16X18_cyrillic.c.obj
LOAD CMakeFiles/gameBobMainMenu.dir/Drivers/UGUI/Fonts/arial_20X23.c.obj
LOAD CMakeFiles/gameBobMainMenu.dir/Drivers/UGUI/Fonts/arial_20X23_cyrillic.c.obj
LOAD CMakeFiles/gameBobMainMenu.dir/Drivers/UGUI/Fonts/arial_25X28.c.obj
LOAD CMakeFiles/gameBobMainMenu.dir/Drivers/UGUI/Fonts/arial_25X28_cyrillic.c.obj
LOAD CMakeFiles/gameBobMainMenu.dir/Drivers/UGUI/Fonts/arial_29X35.c.obj
LOAD CMakeFiles/gameBobMainMenu.dir/Drivers/UGUI/Fonts/arial_29X35_cyrillic.c.obj
LOAD CMakeFiles/gameBobMainMenu.dir/Drivers/UGUI/Fonts/arial_35X40.c.obj
LOAD CMakeFiles/gameBobMainMenu.dir/Drivers/UGUI/Fonts/arial_35X40_cyrillic.c.obj
LOAD CMakeFiles/gameBobMainMenu.dir/Drivers/UGUI/Fonts/arial_39X45.c.obj
LOAD CMakeFiles/gameBobMainMenu.dir/Drivers/UGUI/Fonts/arial_39X45_cyrillic.c.obj
LOAD CMakeFiles/gameBobMainMenu.dir/Drivers/UGUI/Fonts/arial_45X52.c.obj
LOAD CMakeFiles/gameBobMainMenu.dir/Drivers/UGUI/Fonts/arial_45X52_cyrillic.c.obj
LOAD CMakeFiles/gameBobMainMenu.dir/Drivers/UGUI/Fonts/arial_49X57.c.obj
LOAD CMakeFiles/gameBobMainMenu.dir/Drivers/UGUI/Fonts/arial_49X57_cyrillic.c.obj
LOAD CMakeFiles/gameBobMainMenu.dir/Drivers/UGUI/Fonts/arial_6X6.c.obj
LOAD CMakeFiles/gameBobMainMenu.dir/Drivers/UGUI/Fonts/arial_6X6_cyrillic.c.obj
LOAD CMakeFiles/gameBobMainMenu.dir/Drivers/UGUI/Fonts/arial_9X10.c.obj
LOAD CMakeFiles/gameBobMainMenu.dir/Drivers/UGUI/Fonts/arial_9X10_cyrillic.c.obj
LOAD CMakeFiles/gameBobMainMenu.dir/Drivers/UGUI/Fonts/font_10x16.c.obj
LOAD CMakeFiles/gameBobMainMenu.dir/Drivers/UGUI/Fonts/font_12x16.c.obj
LOAD CMakeFiles/gameBobMainMenu.dir/Drivers/UGUI/Fonts/font_12x20.c.obj
LOAD CMakeFiles/gameBobMainMenu.dir/Drivers/UGUI/Fonts/font_16x26.c.obj
LOAD CMakeFiles/gameBobMainMenu.dir/Drivers/UGUI/Fonts/font_22x36.c.obj
LOAD CMakeFiles/gameBobMainMenu.dir/Drivers/UGUI/Fonts/font_24x40.c.obj
LOAD CMakeFiles/gameBobMainMenu.dir/Drivers/UGUI/Fonts/font_32x53.c.obj
LOAD CMakeFiles/gameBobMainMenu.dir/Drivers/UGUI/Fonts/font_4x6.c.obj
LOAD CMakeFiles/gameBobMainMenu.dir/Drivers/UGUI/Fonts/font_5x12.c.obj
LOAD CMakeFiles/gameBobMainMenu.dir/Drivers/UGUI/Fonts/font_5x8.c.obj
LOAD CMakeFiles/gameBobMainMenu.dir/Drivers/UGUI/Fonts/font_6x10.c.obj
LOAD CMakeFiles/gameBobMainMenu.dir/Drivers/UGUI/Fonts/font_6x8.c.obj
LOAD CMakeFiles/gameBobMainMenu.dir/Drivers/UGUI/Fonts/font_7x12.c.obj
LOAD CMakeFiles/gameBobMainMenu.dir/Drivers/UGUI/Fonts/font_8x12.c.obj
LOAD CMakeFiles/gameBobMainMenu.dir/Drivers/UGUI/Fonts/font_8x12_cyrillic.c.obj
LOAD CMakeFiles/gameBobMainMenu.dir/Drivers/UGUI/Fonts/font_8x14.c.obj
LOAD CMakeFiles/gameBobMainMenu.dir/Drivers/UGUI/Fonts/font_8x8.c.obj
LOAD CMakeFiles/gameBobMainMenu.dir/Drivers/UGUI/ugui.c.obj
LOAD CMakeFiles/gameBobMainMenu.dir/Drivers/UGUI/ugui_button.c.obj
LOAD CMakeFiles/gameBobMainMenu.dir/Drivers/UGUI/ugui_checkbox.c.obj
LOAD CMakeFiles/gameBobMainMenu.dir/Drivers/UGUI/ugui_image.c.obj
LOAD CMakeFiles/gameBobMainMenu.dir/Drivers/UGUI/ugui_progress.c.obj
LOAD CMakeFiles/gameBobMainMenu.dir/Drivers/UGUI/ugui_textbox.c.obj
LOAD CMakeFiles/gameBobMainMenu.dir/ThirdParty/FreeRTOS/croutine.c.obj
LOAD CMakeFiles/gameBobMainMenu.dir/ThirdParty/FreeRTOS/event_groups.c.obj
LOAD CMakeFiles/gameBobMainMenu.dir/ThirdParty/FreeRTOS/list.c.obj
LOAD CMakeFiles/gameBobMainMenu.dir/ThirdParty/FreeRTOS/portable/GCC/ARM_CM3/port.c.obj
LOAD CMakeFiles/gameBobMainMenu.dir/ThirdParty/FreeRTOS/portable/MemMang/heap_4.c.obj
LOAD CMakeFiles/gameBobMainMenu.dir/ThirdParty/FreeRTOS/queue.c.obj
LOAD CMakeFiles/gameBobMainMenu.dir/ThirdParty/FreeRTOS/stream_buffer.c.obj
LOAD CMakeFiles/gameBobMainMenu.dir/ThirdParty/FreeRTOS/tasks.c.obj
LOAD CMakeFiles/gameBobMainMenu.dir/ThirdParty/FreeRTOS/timers.c.obj
LOAD CMakeFiles/gameBobMainMenu.dir/Core/Src/esp8266.c.obj
LOAD CMakeFiles/gameBobMainMenu.dir/Core/Src/extraTools.c.obj
LOAD C:/Users/Eryk/AppData/Local/stm32cube/bundles/gnu-tools-for-stm32/13.3.1+st.9/bin/../lib/gcc/arm-none-eabi/13.3.1/../../../../arm-none-eabi/lib/thumb/v7-m/nofp\libm.a
START GROUP
LOAD C:/Users/Eryk/AppData/Local/stm32cube/bundles/gnu-tools-for-stm32/13.3.1+st.9/bin/../lib/gcc/arm-none-eabi/13.3.1/thumb/v7-m/nofp\libgcc.a
LOAD C:/Users/Eryk/AppData/Local/stm32cube/bundles/gnu-tools-for-stm32/13.3.1+st.9/bin/../lib/gcc/arm-none-eabi/13.3.1/../../../../arm-none-eabi/lib/thumb/v7-m/nofp\libg_nano.a
LOAD C:/Users/Eryk/AppData/Local/stm32cube/bundles/gnu-tools-for-stm32/13.3.1+st.9/bin/../lib/gcc/arm-none-eabi/13.3.1/../../../../arm-none-eabi/lib/thumb/v7-m/nofp\libc_nano.a
END GROUP
START GROUP
LOAD C:/Users/Eryk/AppData/Local/stm32cube/bundles/gnu-tools-for-stm32/13.3.1+st.9/bin/../lib/gcc/arm-none-eabi/13.3.1/thumb/v7-m/nofp\libgcc.a
LOAD C:/Users/Eryk/AppData/Local/stm32cube/bundles/gnu-tools-for-stm32/13.3.1+st.9/bin/../lib/gcc/arm-none-eabi/13.3.1/../../../../arm-none-eabi/lib/thumb/v7-m/nofp\libc_nano.a
END GROUP
LOAD C:/Users/Eryk/AppData/Local/stm32cube/bundles/gnu-tools-for-stm32/13.3.1+st.9/bin/../lib/gcc/arm-none-eabi/13.3.1/thumb/v7-m/nofp/crtend.o
LOAD C:/Users/Eryk/AppData/Local/stm32cube/bundles/gnu-tools-for-stm32/13.3.1+st.9/bin/../lib/gcc/arm-none-eabi/13.3.1/thumb/v7-m/nofp/crtn.o
                0x20005000                        _estack = (ORIGIN (RAM) + LENGTH (RAM))
                0x00000200                        _Min_Heap_Size = 0x200
                0x00000400                        _Min_Stack_Size = 0x400

.isr_vector     0x08000000      0x10c
                0x08000000                        . = ALIGN (0x4)
 *(.isr_vector)
 .isr_vector    0x08000000      0x10c CMakeFiles/gameBobMainMenu.dir/startup_stm32f103xb.s.obj
                0x08000000                g_pfnVectors
                0x0800010c                        . = ALIGN (0x4)

.text           0x08000110     0x72a4
                0x08000110                        . = ALIGN (0x4)
 *(.text)
 .text          0x08000110       0x40 C:/Users/Eryk/AppData/Local/stm32cube/bundles/gnu-tools-for-stm32/13.3.1+st.9/bin/../lib/gcc/arm-none-eabi/13.3.1/thumb/v7-m/nofp/crtbegin.o
 .text          0x08000150       0x10 C:/Users/Eryk/AppData/Local/stm32cube/bundles/gnu-tools-for-stm32/13.3.1+st.9/bin/../lib/gcc/arm-none-eabi/13.3.1/../../../../arm-none-eabi/lib/thumb/v7-m/nofp\libg_nano.a(libc_a-strlen.o)
                0x08000150                strlen
 *(.text*)
 .text.SystemInit
                0x08000160        0x2 cmake/stm32cubemx/CMakeFiles/STM32_Drivers.dir/__/__/Core/Src/system_stm32f1xx.c.obj
                0x08000160                SystemInit
 *fill*         0x08000162        0x2 
 .text.TIM_OC1_SetConfig
                0x08000164       0x50 cmake/stm32cubemx/CMakeFiles/STM32_Drivers.dir/__/__/Drivers/STM32F1xx_HAL_Driver/Src/stm32f1xx_hal_tim.c.obj
 .text.TIM_OC3_SetConfig
                0x080001b4       0x54 cmake/stm32cubemx/CMakeFiles/STM32_Drivers.dir/__/__/Drivers/STM32F1xx_HAL_Driver/Src/stm32f1xx_hal_tim.c.obj
 .text.TIM_OC4_SetConfig
                0x08000208       0x44 cmake/stm32cubemx/CMakeFiles/STM32_Drivers.dir/__/__/Drivers/STM32F1xx_HAL_Driver/Src/stm32f1xx_hal_tim.c.obj
 .text.HAL_TIM_Base_MspInit
                0x0800024c        0x2 cmake/stm32cubemx/CMakeFiles/STM32_Drivers.dir/__/__/Drivers/STM32F1xx_HAL_Driver/Src/stm32f1xx_hal_tim.c.obj
                0x0800024c                HAL_TIM_Base_MspInit
 *fill*         0x0800024e        0x2 
 .text.HAL_TIM_Base_Start_IT
                0x08000250       0x54 cmake/stm32cubemx/CMakeFiles/STM32_Drivers.dir/__/__/Drivers/STM32F1xx_HAL_Driver/Src/stm32f1xx_hal_tim.c.obj
                0x08000250                HAL_TIM_Base_Start_IT
 .text.HAL_TIM_PWM_DeInit
                0x080002a4       0x5e cmake/stm32cubemx/CMakeFiles/STM32_Drivers.dir/__/__/Drivers/STM32F1xx_HAL_Driver/Src/stm32f1xx_hal_tim.c.obj
                0x080002a4                HAL_TIM_PWM_DeInit
 .text.HAL_TIM_OC_DelayElapsedCallback
                0x08000302        0x2 cmake/stm32cubemx/CMakeFiles/STM32_Drivers.dir/__/__/Drivers/STM32F1xx_HAL_Driver/Src/stm32f1xx_hal_tim.c.obj
                0x08000302                HAL_TIM_OC_DelayElapsedCallback
 .text.HAL_TIM_IC_CaptureCallback
                0x08000304        0x2 cmake/stm32cubemx/CMakeFiles/STM32_Drivers.dir/__/__/Drivers/STM32F1xx_HAL_Driver/Src/stm32f1xx_hal_tim.c.obj
                0x08000304                HAL_TIM_IC_CaptureCallback
 .text.HAL_TIM_PWM_PulseFinishedCallback
                0x08000306        0x2 cmake/stm32cubemx/CMakeFiles/STM32_Drivers.dir/__/__/Drivers/STM32F1xx_HAL_Driver/Src/stm32f1xx_hal_tim.c.obj
                0x08000306                HAL_TIM_PWM_PulseFinishedCallback
 .text.HAL_TIM_TriggerCallback
                0x08000308        0x2 cmake/stm32cubemx/CMakeFiles/STM32_Drivers.dir/__/__/Drivers/STM32F1xx_HAL_Driver/Src/stm32f1xx_hal_tim.c.obj
                0x08000308                HAL_TIM_TriggerCallback
 .text.HAL_TIM_IRQHandler
                0x0800030a      0x128 cmake/stm32cubemx/CMakeFiles/STM32_Drivers.dir/__/__/Drivers/STM32F1xx_HAL_Driver/Src/stm32f1xx_hal_tim.c.obj
                0x0800030a                HAL_TIM_IRQHandler
 *fill*         0x08000432        0x2 
 .text.TIM_Base_SetConfig
                0x08000434       0x64 cmake/stm32cubemx/CMakeFiles/STM32_Drivers.dir/__/__/Drivers/STM32F1xx_HAL_Driver/Src/stm32f1xx_hal_tim.c.obj
                0x08000434                TIM_Base_SetConfig
 .text.HAL_TIM_Base_Init
                0x08000498       0x58 cmake/stm32cubemx/CMakeFiles/STM32_Drivers.dir/__/__/Drivers/STM32F1xx_HAL_Driver/Src/stm32f1xx_hal_tim.c.obj
                0x08000498                HAL_TIM_Base_Init
 .text.HAL_TIM_PWM_Init
                0x080004f0       0x58 cmake/stm32cubemx/CMakeFiles/STM32_Drivers.dir/__/__/Drivers/STM32F1xx_HAL_Driver/Src/stm32f1xx_hal_tim.c.obj
                0x080004f0                HAL_TIM_PWM_Init
 .text.TIM_OC2_SetConfig
                0x08000548       0x58 cmake/stm32cubemx/CMakeFiles/STM32_Drivers.dir/__/__/Drivers/STM32F1xx_HAL_Driver/Src/stm32f1xx_hal_tim.c.obj
                0x08000548                TIM_OC2_SetConfig
 .text.HAL_TIM_PWM_ConfigChannel
                0x080005a0       0xb0 cmake/stm32cubemx/CMakeFiles/STM32_Drivers.dir/__/__/Drivers/STM32F1xx_HAL_Driver/Src/stm32f1xx_hal_tim.c.obj
                0x080005a0                HAL_TIM_PWM_ConfigChannel
 .text.HAL_TIMEx_MasterConfigSynchronization
                0x08000650       0x5c cmake/stm32cubemx/CMakeFiles/STM32_Drivers.dir/__/__/Drivers/STM32F1xx_HAL_Driver/Src/stm32f1xx_hal_tim_ex.c.obj
                0x08000650                HAL_TIMEx_MasterConfigSynchronization
 .text.HAL_TIMEx_ConfigBreakDeadTime
                0x080006ac       0x4c cmake/stm32cubemx/CMakeFiles/STM32_Drivers.dir/__/__/Drivers/STM32F1xx_HAL_Driver/Src/stm32f1xx_hal_tim_ex.c.obj
                0x080006ac                HAL_TIMEx_ConfigBreakDeadTime
 .text.HAL_TIMEx_CommutCallback
                0x080006f8        0x2 cmake/stm32cubemx/CMakeFiles/STM32_Drivers.dir/__/__/Drivers/STM32F1xx_HAL_Driver/Src/stm32f1xx_hal_tim_ex.c.obj
                0x080006f8                HAL_TIMEx_CommutCallback
 .text.HAL_TIMEx_BreakCallback
                0x080006fa        0x2 cmake/stm32cubemx/CMakeFiles/STM32_Drivers.dir/__/__/Drivers/STM32F1xx_HAL_Driver/Src/stm32f1xx_hal_tim_ex.c.obj
                0x080006fa                HAL_TIMEx_BreakCallback
 .text.HAL_ADC_PollForConversion
                0x080006fc      0x148 cmake/stm32cubemx/CMakeFiles/STM32_Drivers.dir/__/__/Drivers/STM32F1xx_HAL_Driver/Src/stm32f1xx_hal_adc.c.obj
                0x080006fc                HAL_ADC_PollForConversion
 .text.HAL_ADC_GetValue
                0x08000844        0x6 cmake/stm32cubemx/CMakeFiles/STM32_Drivers.dir/__/__/Drivers/STM32F1xx_HAL_Driver/Src/stm32f1xx_hal_adc.c.obj
                0x08000844                HAL_ADC_GetValue
 *fill*         0x0800084a        0x2 
 .text.HAL_ADC_ConfigChannel
                0x0800084c       0xfc cmake/stm32cubemx/CMakeFiles/STM32_Drivers.dir/__/__/Drivers/STM32F1xx_HAL_Driver/Src/stm32f1xx_hal_adc.c.obj
                0x0800084c                HAL_ADC_ConfigChannel
 .text.ADC_Enable
                0x08000948       0x78 cmake/stm32cubemx/CMakeFiles/STM32_Drivers.dir/__/__/Drivers/STM32F1xx_HAL_Driver/Src/stm32f1xx_hal_adc.c.obj
                0x08000948                ADC_Enable
 .text.HAL_ADC_Start
                0x080009c0       0xc4 cmake/stm32cubemx/CMakeFiles/STM32_Drivers.dir/__/__/Drivers/STM32F1xx_HAL_Driver/Src/stm32f1xx_hal_adc.c.obj
                0x080009c0                HAL_ADC_Start
 .text.ADC_ConversionStop_Disable
                0x08000a84       0x4c cmake/stm32cubemx/CMakeFiles/STM32_Drivers.dir/__/__/Drivers/STM32F1xx_HAL_Driver/Src/stm32f1xx_hal_adc.c.obj
                0x08000a84                ADC_ConversionStop_Disable
 .text.HAL_ADC_Init
                0x08000ad0       0xfc cmake/stm32cubemx/CMakeFiles/STM32_Drivers.dir/__/__/Drivers/STM32F1xx_HAL_Driver/Src/stm32f1xx_hal_adc.c.obj
                0x08000ad0                HAL_ADC_Init
 .text.HAL_ADC_DeInit
                0x08000bcc       0xc0 cmake/stm32cubemx/CMakeFiles/STM32_Drivers.dir/__/__/Drivers/STM32F1xx_HAL_Driver/Src/stm32f1xx_hal_adc.c.obj
                0x08000bcc                HAL_ADC_DeInit
 .text.HAL_MspDeInit
                0x08000c8c        0x2 cmake/stm32cubemx/CMakeFiles/STM32_Drivers.dir/__/__/Drivers/STM32F1xx_HAL_Driver/Src/stm32f1xx_hal.c.obj
                0x08000c8c                HAL_MspDeInit
 *fill*         0x08000c8e        0x2 
 .text.HAL_DeInit
                0x08000c90       0x20 cmake/stm32cubemx/CMakeFiles/STM32_Drivers.dir/__/__/Drivers/STM32F1xx_HAL_Driver/Src/stm32f1xx_hal.c.obj
                0x08000c90                HAL_DeInit
 .text.HAL_Init
                0x08000cb0       0x24 cmake/stm32cubemx/CMakeFiles/STM32_Drivers.dir/__/__/Drivers/STM32F1xx_HAL_Driver/Src/stm32f1xx_hal.c.obj
                0x08000cb0                HAL_Init
 .text.HAL_IncTick
                0x08000cd4       0x18 cmake/stm32cubemx/CMakeFiles/STM32_Drivers.dir/__/__/Drivers/STM32F1xx_HAL_Driver/Src/stm32f1xx_hal.c.obj
                0x08000cd4                HAL_IncTick
 .text.HAL_GetTick
                0x08000cec        0xc cmake/stm32cubemx/CMakeFiles/STM32_Drivers.dir/__/__/Drivers/STM32F1xx_HAL_Driver/Src/stm32f1xx_hal.c.obj
                0x08000cec                HAL_GetTick
 .text.HAL_Delay
                0x08000cf8       0x24 cmake/stm32cubemx/CMakeFiles/STM32_Drivers.dir/__/__/Drivers/STM32F1xx_HAL_Driver/Src/stm32f1xx_hal.c.obj
                0x08000cf8                HAL_Delay
 .text.HAL_RCC_DeInit
                0x08000d1c       0xd8 cmake/stm32cubemx/CMakeFiles/STM32_Drivers.dir/__/__/Drivers/STM32F1xx_HAL_Driver/Src/stm32f1xx_hal_rcc.c.obj
                0x08000d1c                HAL_RCC_DeInit
 .text.HAL_RCC_OscConfig
                0x08000df4      0x338 cmake/stm32cubemx/CMakeFiles/STM32_Drivers.dir/__/__/Drivers/STM32F1xx_HAL_Driver/Src/stm32f1xx_hal_rcc.c.obj
                0x08000df4                HAL_RCC_OscConfig
 .text.HAL_RCC_GetSysClockFreq
                0x0800112c       0x4c cmake/stm32cubemx/CMakeFiles/STM32_Drivers.dir/__/__/Drivers/STM32F1xx_HAL_Driver/Src/stm32f1xx_hal_rcc.c.obj
                0x0800112c                HAL_RCC_GetSysClockFreq
 .text.HAL_RCC_ClockConfig
                0x08001178      0x138 cmake/stm32cubemx/CMakeFiles/STM32_Drivers.dir/__/__/Drivers/STM32F1xx_HAL_Driver/Src/stm32f1xx_hal_rcc.c.obj
                0x08001178                HAL_RCC_ClockConfig
 .text.HAL_RCC_GetPCLK1Freq
                0x080012b0       0x20 cmake/stm32cubemx/CMakeFiles/STM32_Drivers.dir/__/__/Drivers/STM32F1xx_HAL_Driver/Src/stm32f1xx_hal_rcc.c.obj
                0x080012b0                HAL_RCC_GetPCLK1Freq
 .text.HAL_RCC_GetPCLK2Freq
                0x080012d0       0x20 cmake/stm32cubemx/CMakeFiles/STM32_Drivers.dir/__/__/Drivers/STM32F1xx_HAL_Driver/Src/stm32f1xx_hal_rcc.c.obj
                0x080012d0                HAL_RCC_GetPCLK2Freq
 .text.HAL_RCC_GetClockConfig
                0x080012f0       0x3c cmake/stm32cubemx/CMakeFiles/STM32_Drivers.dir/__/__/Drivers/STM32F1xx_HAL_Driver/Src/stm32f1xx_hal_rcc.c.obj
                0x080012f0                HAL_RCC_GetClockConfig
 .text.HAL_RCCEx_PeriphCLKConfig
                0x0800132c       0xf4 cmake/stm32cubemx/CMakeFiles/STM32_Drivers.dir/__/__/Drivers/STM32F1xx_HAL_Driver/Src/stm32f1xx_hal_rcc_ex.c.obj
                0x0800132c                HAL_RCCEx_PeriphCLKConfig
 .text.HAL_RCCEx_GetPeriphCLKFreq
                0x08001420       0xbc cmake/stm32cubemx/CMakeFiles/STM32_Drivers.dir/__/__/Drivers/STM32F1xx_HAL_Driver/Src/stm32f1xx_hal_rcc_ex.c.obj
                0x08001420                HAL_RCCEx_GetPeriphCLKFreq
 .text.HAL_GPIO_Init
                0x080014dc      0x1a8 cmake/stm32cubemx/CMakeFiles/STM32_Drivers.dir/__/__/Drivers/STM32F1xx_HAL_Driver/Src/stm32f1xx_hal_gpio.c.obj
                0x080014dc                HAL_GPIO_Init
 .text.HAL_GPIO_DeInit
                0x08001684       0xdc cmake/stm32cubemx/CMakeFiles/STM32_Drivers.dir/__/__/Drivers/STM32F1xx_HAL_Driver/Src/stm32f1xx_hal_gpio.c.obj
                0x08001684                HAL_GPIO_DeInit
 .text.HAL_GPIO_ReadPin
                0x08001760        0xc cmake/stm32cubemx/CMakeFiles/STM32_Drivers.dir/__/__/Drivers/STM32F1xx_HAL_Driver/Src/stm32f1xx_hal_gpio.c.obj
                0x08001760                HAL_GPIO_ReadPin
 .text.HAL_GPIO_WritePin
                0x0800176c        0xa cmake/stm32cubemx/CMakeFiles/STM32_Drivers.dir/__/__/Drivers/STM32F1xx_HAL_Driver/Src/stm32f1xx_hal_gpio.c.obj
                0x0800176c                HAL_GPIO_WritePin
 .text.HAL_GPIO_TogglePin
                0x08001776       0x12 cmake/stm32cubemx/CMakeFiles/STM32_Drivers.dir/__/__/Drivers/STM32F1xx_HAL_Driver/Src/stm32f1xx_hal_gpio.c.obj
                0x08001776                HAL_GPIO_TogglePin
 .text.HAL_DMA_Init
                0x08001788       0x60 cmake/stm32cubemx/CMakeFiles/STM32_Drivers.dir/__/__/Drivers/STM32F1xx_HAL_Driver/Src/stm32f1xx_hal_dma.c.obj
                0x08001788                HAL_DMA_Init
 .text.HAL_DMA_DeInit
                0x080017e8       0x54 cmake/stm32cubemx/CMakeFiles/STM32_Drivers.dir/__/__/Drivers/STM32F1xx_HAL_Driver/Src/stm32f1xx_hal_dma.c.obj
                0x080017e8                HAL_DMA_DeInit
 .text.HAL_DMA_Start_IT
                0x0800183c       0x78 cmake/stm32cubemx/CMakeFiles/STM32_Drivers.dir/__/__/Drivers/STM32F1xx_HAL_Driver/Src/stm32f1xx_hal_dma.c.obj
                0x0800183c                HAL_DMA_Start_IT
 .text.HAL_DMA_Abort
                0x080018b4       0x3e cmake/stm32cubemx/CMakeFiles/STM32_Drivers.dir/__/__/Drivers/STM32F1xx_HAL_Driver/Src/stm32f1xx_hal_dma.c.obj
                0x080018b4                HAL_DMA_Abort
 *fill*         0x080018f2        0x2 
 .text.HAL_DMA_Abort_IT
                0x080018f4       0x8c cmake/stm32cubemx/CMakeFiles/STM32_Drivers.dir/__/__/Drivers/STM32F1xx_HAL_Driver/Src/stm32f1xx_hal_dma.c.obj
                0x080018f4                HAL_DMA_Abort_IT
 .text.HAL_DMA_IRQHandler
                0x08001980      0x128 cmake/stm32cubemx/CMakeFiles/STM32_Drivers.dir/__/__/Drivers/STM32F1xx_HAL_Driver/Src/stm32f1xx_hal_dma.c.obj
                0x08001980                HAL_DMA_IRQHandler
 .text.HAL_DMA_GetState
                0x08001aa8        0x6 cmake/stm32cubemx/CMakeFiles/STM32_Drivers.dir/__/__/Drivers/STM32F1xx_HAL_Driver/Src/stm32f1xx_hal_dma.c.obj
                0x08001aa8                HAL_DMA_GetState
 *fill*         0x08001aae        0x2 
 .text.HAL_NVIC_SetPriorityGrouping
                0x08001ab0       0x24 cmake/stm32cubemx/CMakeFiles/STM32_Drivers.dir/__/__/Drivers/STM32F1xx_HAL_Driver/Src/stm32f1xx_hal_cortex.c.obj
                0x08001ab0                HAL_NVIC_SetPriorityGrouping
 .text.HAL_NVIC_SetPriority
                0x08001ad4       0x60 cmake/stm32cubemx/CMakeFiles/STM32_Drivers.dir/__/__/Drivers/STM32F1xx_HAL_Driver/Src/stm32f1xx_hal_cortex.c.obj
                0x08001ad4                HAL_NVIC_SetPriority
 .text.HAL_NVIC_EnableIRQ
                0x08001b34       0x1c cmake/stm32cubemx/CMakeFiles/STM32_Drivers.dir/__/__/Drivers/STM32F1xx_HAL_Driver/Src/stm32f1xx_hal_cortex.c.obj
                0x08001b34                HAL_NVIC_EnableIRQ
 .text.HAL_NVIC_DisableIRQ
                0x08001b50       0x24 cmake/stm32cubemx/CMakeFiles/STM32_Drivers.dir/__/__/Drivers/STM32F1xx_HAL_Driver/Src/stm32f1xx_hal_cortex.c.obj
                0x08001b50                HAL_NVIC_DisableIRQ
 .text.FLASH_SetErrorCode
                0x08001b74       0x50 cmake/stm32cubemx/CMakeFiles/STM32_Drivers.dir/__/__/Drivers/STM32F1xx_HAL_Driver/Src/stm32f1xx_hal_flash.c.obj
 .text.HAL_FLASH_Unlock
                0x08001bc4       0x24 cmake/stm32cubemx/CMakeFiles/STM32_Drivers.dir/__/__/Drivers/STM32F1xx_HAL_Driver/Src/stm32f1xx_hal_flash.c.obj
                0x08001bc4                HAL_FLASH_Unlock
 .text.HAL_FLASH_Lock
                0x08001be8       0x14 cmake/stm32cubemx/CMakeFiles/STM32_Drivers.dir/__/__/Drivers/STM32F1xx_HAL_Driver/Src/stm32f1xx_hal_flash.c.obj
                0x08001be8                HAL_FLASH_Lock
 .text.FLASH_WaitForLastOperation
                0x08001bfc       0x54 cmake/stm32cubemx/CMakeFiles/STM32_Drivers.dir/__/__/Drivers/STM32F1xx_HAL_Driver/Src/stm32f1xx_hal_flash.c.obj
                0x08001bfc                FLASH_WaitForLastOperation
 .text.HAL_FLASH_Program
                0x08001c50       0xa4 cmake/stm32cubemx/CMakeFiles/STM32_Drivers.dir/__/__/Drivers/STM32F1xx_HAL_Driver/Src/stm32f1xx_hal_flash.c.obj
                0x08001c50                HAL_FLASH_Program
 .text.FLASH_PageErase
                0x08001cf4       0x24 cmake/stm32cubemx/CMakeFiles/STM32_Drivers.dir/__/__/Drivers/STM32F1xx_HAL_Driver/Src/stm32f1xx_hal_flash_ex.c.obj
                0x08001cf4                FLASH_PageErase
 .text.HAL_FLASHEx_Erase
                0x08001d18       0xa8 cmake/stm32cubemx/CMakeFiles/STM32_Drivers.dir/__/__/Drivers/STM32F1xx_HAL_Driver/Src/stm32f1xx_hal_flash_ex.c.obj
                0x08001d18                HAL_FLASHEx_Erase
 .text.SPI_WaitFlagStateUntilTimeout
                0x08001dc0       0xb8 cmake/stm32cubemx/CMakeFiles/STM32_Drivers.dir/__/__/Drivers/STM32F1xx_HAL_Driver/Src/stm32f1xx_hal_spi.c.obj
 .text.SPI_EndRxTxTransaction
                0x08001e78       0x38 cmake/stm32cubemx/CMakeFiles/STM32_Drivers.dir/__/__/Drivers/STM32F1xx_HAL_Driver/Src/stm32f1xx_hal_spi.c.obj
 .text.HAL_SPI_Init
                0x08001eb0       0xb0 cmake/stm32cubemx/CMakeFiles/STM32_Drivers.dir/__/__/Drivers/STM32F1xx_HAL_Driver/Src/stm32f1xx_hal_spi.c.obj
                0x08001eb0                HAL_SPI_Init
 .text.HAL_SPI_DeInit
                0x08001f60       0x2c cmake/stm32cubemx/CMakeFiles/STM32_Drivers.dir/__/__/Drivers/STM32F1xx_HAL_Driver/Src/stm32f1xx_hal_spi.c.obj
                0x08001f60                HAL_SPI_DeInit
 .text.HAL_SPI_Transmit
                0x08001f8c      0x160 cmake/stm32cubemx/CMakeFiles/STM32_Drivers.dir/__/__/Drivers/STM32F1xx_HAL_Driver/Src/stm32f1xx_hal_spi.c.obj
                0x08001f8c                HAL_SPI_Transmit
 .text.HAL_SPI_Transmit_DMA
                0x080020ec       0xbc cmake/stm32cubemx/CMakeFiles/STM32_Drivers.dir/__/__/Drivers/STM32F1xx_HAL_Driver/Src/stm32f1xx_hal_spi.c.obj
                0x080020ec                HAL_SPI_Transmit_DMA
 .text.HAL_SPI_TxCpltCallback
                0x080021a8        0x2 cmake/stm32cubemx/CMakeFiles/STM32_Drivers.dir/__/__/Drivers/STM32F1xx_HAL_Driver/Src/stm32f1xx_hal_spi.c.obj
                0x080021a8                HAL_SPI_TxCpltCallback
 .text.HAL_SPI_TxHalfCpltCallback
                0x080021aa        0x2 cmake/stm32cubemx/CMakeFiles/STM32_Drivers.dir/__/__/Drivers/STM32F1xx_HAL_Driver/Src/stm32f1xx_hal_spi.c.obj
                0x080021aa                HAL_SPI_TxHalfCpltCallback
 .text.SPI_DMAHalfTransmitCplt
                0x080021ac        0xa cmake/stm32cubemx/CMakeFiles/STM32_Drivers.dir/__/__/Drivers/STM32F1xx_HAL_Driver/Src/stm32f1xx_hal_spi.c.obj
 .text.HAL_SPI_ErrorCallback
                0x080021b6        0x2 cmake/stm32cubemx/CMakeFiles/STM32_Drivers.dir/__/__/Drivers/STM32F1xx_HAL_Driver/Src/stm32f1xx_hal_spi.c.obj
                0x080021b6                HAL_SPI_ErrorCallback
 .text.SPI_DMAError
                0x080021b8       0x22 cmake/stm32cubemx/CMakeFiles/STM32_Drivers.dir/__/__/Drivers/STM32F1xx_HAL_Driver/Src/stm32f1xx_hal_spi.c.obj
 .text.SPI_DMATransmitCplt
                0x080021da       0x6a cmake/stm32cubemx/CMakeFiles/STM32_Drivers.dir/__/__/Drivers/STM32F1xx_HAL_Driver/Src/stm32f1xx_hal_spi.c.obj
 .text.UART_EndRxTransfer
                0x08002244       0x5c cmake/stm32cubemx/CMakeFiles/STM32_Drivers.dir/__/__/Drivers/STM32F1xx_HAL_Driver/Src/stm32f1xx_hal_uart.c.obj
 .text.UART_SetConfig
                0x080022a0       0x74 cmake/stm32cubemx/CMakeFiles/STM32_Drivers.dir/__/__/Drivers/STM32F1xx_HAL_Driver/Src/stm32f1xx_hal_uart.c.obj
 .text.HAL_UART_Init
                0x08002314       0x5e cmake/stm32cubemx/CMakeFiles/STM32_Drivers.dir/__/__/Drivers/STM32F1xx_HAL_Driver/Src/stm32f1xx_hal_uart.c.obj
                0x08002314                HAL_UART_Init
 .text.HAL_UART_DeInit
                0x08002372       0x34 cmake/stm32cubemx/CMakeFiles/STM32_Drivers.dir/__/__/Drivers/STM32F1xx_HAL_Driver/Src/stm32f1xx_hal_uart.c.obj
                0x08002372                HAL_UART_DeInit
 .text.HAL_UART_Transmit_IT
                0x080023a6       0x32 cmake/stm32cubemx/CMakeFiles/STM32_Drivers.dir/__/__/Drivers/STM32F1xx_HAL_Driver/Src/stm32f1xx_hal_uart.c.obj
                0x080023a6                HAL_UART_Transmit_IT
 .text.HAL_UART_ErrorCallback
                0x080023d8        0x2 cmake/stm32cubemx/CMakeFiles/STM32_Drivers.dir/__/__/Drivers/STM32F1xx_HAL_Driver/Src/stm32f1xx_hal_uart.c.obj
                0x080023d8                HAL_UART_ErrorCallback
 .text.UART_DMAAbortOnError
                0x080023da       0x10 cmake/stm32cubemx/CMakeFiles/STM32_Drivers.dir/__/__/Drivers/STM32F1xx_HAL_Driver/Src/stm32f1xx_hal_uart.c.obj
 .text.HAL_UARTEx_RxEventCallback
                0x080023ea        0x2 cmake/stm32cubemx/CMakeFiles/STM32_Drivers.dir/__/__/Drivers/STM32F1xx_HAL_Driver/Src/stm32f1xx_hal_uart.c.obj
                0x080023ea                HAL_UARTEx_RxEventCallback
 .text.UART_Receive_IT.isra.0
                0x080023ec       0xb6 cmake/stm32cubemx/CMakeFiles/STM32_Drivers.dir/__/__/Drivers/STM32F1xx_HAL_Driver/Src/stm32f1xx_hal_uart.c.obj
 *fill*         0x080024a2        0x2 
 .text.HAL_UART_IRQHandler
                0x080024a4      0x294 cmake/stm32cubemx/CMakeFiles/STM32_Drivers.dir/__/__/Drivers/STM32F1xx_HAL_Driver/Src/stm32f1xx_hal_uart.c.obj
                0x080024a4                HAL_UART_IRQHandler
 .text.UART_Start_Receive_IT
                0x08002738       0x32 cmake/stm32cubemx/CMakeFiles/STM32_Drivers.dir/__/__/Drivers/STM32F1xx_HAL_Driver/Src/stm32f1xx_hal_uart.c.obj
                0x08002738                UART_Start_Receive_IT
 .text.HAL_UART_Receive_IT
                0x0800276a       0x22 cmake/stm32cubemx/CMakeFiles/STM32_Drivers.dir/__/__/Drivers/STM32F1xx_HAL_Driver/Src/stm32f1xx_hal_uart.c.obj
                0x0800276a                HAL_UART_Receive_IT
 .text.clearScreen
                0x0800278c       0x1e CMakeFiles/gameBobMainMenu.dir/Core/Src/main.c.obj
 .text.updateSelectedOption
                0x080027aa       0x8c CMakeFiles/gameBobMainMenu.dir/Core/Src/main.c.obj
 *fill*         0x08002836        0x2 
 .text.updateSelectedGame
                0x08002838       0x64 CMakeFiles/gameBobMainMenu.dir/Core/Src/main.c.obj
 .text.drawFailureScreen
                0x0800289c       0x44 CMakeFiles/gameBobMainMenu.dir/Core/Src/main.c.obj
 .text.deInitPeripherals
                0x080028e0       0xcc CMakeFiles/gameBobMainMenu.dir/Core/Src/main.c.obj
 .text.testTask
                0x080029ac       0x1c CMakeFiles/gameBobMainMenu.dir/Core/Src/main.c.obj
 .text.drawSelectGameScreen
                0x080029c8      0x1fc CMakeFiles/gameBobMainMenu.dir/Core/Src/main.c.obj
 .text.mainMenuScreenLogic
                0x08002bc4       0xa0 CMakeFiles/gameBobMainMenu.dir/Core/Src/main.c.obj
 .text.drawPic.constprop.0
                0x08002c64       0x9a CMakeFiles/gameBobMainMenu.dir/Core/Src/main.c.obj
 *fill*         0x08002cfe        0x2 
 .text.drawMainMenu
                0x08002d00       0x74 CMakeFiles/gameBobMainMenu.dir/Core/Src/main.c.obj
 .text.taskMainMenu
                0x08002d74      0x270 CMakeFiles/gameBobMainMenu.dir/Core/Src/main.c.obj
 .text.SystemClock_Config
                0x08002fe4       0x7a CMakeFiles/gameBobMainMenu.dir/Core/Src/main.c.obj
                0x08002fe4                SystemClock_Config
 .text.ADC_SetActiveChannel
                0x0800305e       0x1e CMakeFiles/gameBobMainMenu.dir/Core/Src/main.c.obj
                0x0800305e                ADC_SetActiveChannel
 .text.taskGetUserInput
                0x0800307c      0x114 CMakeFiles/gameBobMainMenu.dir/Core/Src/main.c.obj
 .text.startup.main
                0x08003190      0x378 CMakeFiles/gameBobMainMenu.dir/Core/Src/main.c.obj
                0x08003190                main
 .text.vApplicationGetIdleTaskMemory
                0x08003508       0x18 CMakeFiles/gameBobMainMenu.dir/Core/Src/main.c.obj
                0x08003508                vApplicationGetIdleTaskMemory
 .text.HAL_UART_TxCpltCallback
                0x08003520        0x4 CMakeFiles/gameBobMainMenu.dir/Core/Src/main.c.obj
                0x08003520                HAL_UART_TxCpltCallback
 .text.HAL_UART_RxCpltCallback
                0x08003524        0x4 CMakeFiles/gameBobMainMenu.dir/Core/Src/main.c.obj
                0x08003524                HAL_UART_RxCpltCallback
 .text.HAL_TIM_PeriodElapsedCallback
                0x08003528        0xe CMakeFiles/gameBobMainMenu.dir/Core/Src/main.c.obj
                0x08003528                HAL_TIM_PeriodElapsedCallback
 .text.Error_Handler
                0x08003536        0x4 CMakeFiles/gameBobMainMenu.dir/Core/Src/main.c.obj
                0x08003536                Error_Handler
 .text.NMI_Handler
                0x0800353a        0x2 CMakeFiles/gameBobMainMenu.dir/Core/Src/stm32f1xx_it.c.obj
                0x0800353a                NMI_Handler
 .text.HardFault_Handler
                0x0800353c        0x2 CMakeFiles/gameBobMainMenu.dir/Core/Src/stm32f1xx_it.c.obj
                0x0800353c                HardFault_Handler
 .text.MemManage_Handler
                0x0800353e        0x2 CMakeFiles/gameBobMainMenu.dir/Core/Src/stm32f1xx_it.c.obj
                0x0800353e                MemManage_Handler
 .text.BusFault_Handler
                0x08003540        0x2 CMakeFiles/gameBobMainMenu.dir/Core/Src/stm32f1xx_it.c.obj
                0x08003540                BusFault_Handler
 .text.UsageFault_Handler
                0x08003542        0x2 CMakeFiles/gameBobMainMenu.dir/Core/Src/stm32f1xx_it.c.obj
                0x08003542                UsageFault_Handler
 .text.DebugMon_Handler
                0x08003544        0x2 CMakeFiles/gameBobMainMenu.dir/Core/Src/stm32f1xx_it.c.obj
                0x08003544                DebugMon_Handler
 *fill*         0x08003546        0x2 
 .text.DMA1_Channel3_IRQHandler
                0x08003548        0xc CMakeFiles/gameBobMainMenu.dir/Core/Src/stm32f1xx_it.c.obj
                0x08003548                DMA1_Channel3_IRQHandler
 .text.TIM2_IRQHandler
                0x08003554        0xc CMakeFiles/gameBobMainMenu.dir/Core/Src/stm32f1xx_it.c.obj
                0x08003554                TIM2_IRQHandler
 .text.USART3_IRQHandler
                0x08003560        0xc CMakeFiles/gameBobMainMenu.dir/Core/Src/stm32f1xx_it.c.obj
                0x08003560                USART3_IRQHandler
 .text.HAL_MspInit
                0x0800356c       0x44 CMakeFiles/gameBobMainMenu.dir/Core/Src/stm32f1xx_hal_msp.c.obj
                0x0800356c                HAL_MspInit
 .text.HAL_ADC_MspInit
                0x080035b0       0xa4 CMakeFiles/gameBobMainMenu.dir/Core/Src/stm32f1xx_hal_msp.c.obj
                0x080035b0                HAL_ADC_MspInit
 .text.HAL_ADC_MspDeInit
                0x08003654       0x48 CMakeFiles/gameBobMainMenu.dir/Core/Src/stm32f1xx_hal_msp.c.obj
                0x08003654                HAL_ADC_MspDeInit
 .text.HAL_SPI_MspInit
                0x0800369c       0xa4 CMakeFiles/gameBobMainMenu.dir/Core/Src/stm32f1xx_hal_msp.c.obj
                0x0800369c                HAL_SPI_MspInit
 .text.HAL_SPI_MspDeInit
                0x08003740       0x38 CMakeFiles/gameBobMainMenu.dir/Core/Src/stm32f1xx_hal_msp.c.obj
                0x08003740                HAL_SPI_MspDeInit
 .text.HAL_TIM_PWM_MspInit
                0x08003778       0x28 CMakeFiles/gameBobMainMenu.dir/Core/Src/stm32f1xx_hal_msp.c.obj
                0x08003778                HAL_TIM_PWM_MspInit
 .text.HAL_TIM_MspPostInit
                0x080037a0       0x50 CMakeFiles/gameBobMainMenu.dir/Core/Src/stm32f1xx_hal_msp.c.obj
                0x080037a0                HAL_TIM_MspPostInit
 .text.HAL_TIM_PWM_MspDeInit
                0x080037f0       0x1c CMakeFiles/gameBobMainMenu.dir/Core/Src/stm32f1xx_hal_msp.c.obj
                0x080037f0                HAL_TIM_PWM_MspDeInit
 .text.HAL_UART_MspInit
                0x0800380c       0xe8 CMakeFiles/gameBobMainMenu.dir/Core/Src/stm32f1xx_hal_msp.c.obj
                0x0800380c                HAL_UART_MspInit
 .text.HAL_UART_MspDeInit
                0x080038f4       0x5c CMakeFiles/gameBobMainMenu.dir/Core/Src/stm32f1xx_hal_msp.c.obj
                0x080038f4                HAL_UART_MspDeInit
 .text.HAL_InitTick
                0x08003950       0x98 CMakeFiles/gameBobMainMenu.dir/Core/Src/stm32f1xx_hal_timebase_tim.c.obj
                0x08003950                HAL_InitTick
 .text._sbrk    0x080039e8       0x40 CMakeFiles/gameBobMainMenu.dir/Core/Src/sysmem.c.obj
                0x080039e8                _sbrk
 .text._getpid  0x08003a28        0x4 CMakeFiles/gameBobMainMenu.dir/Core/Src/syscalls.c.obj
                0x08003a28                _getpid
 .text._kill    0x08003a2c       0x10 CMakeFiles/gameBobMainMenu.dir/Core/Src/syscalls.c.obj
                0x08003a2c                _kill
 .text._exit    0x08003a3c        0xc CMakeFiles/gameBobMainMenu.dir/Core/Src/syscalls.c.obj
                0x08003a3c                _exit
 .text._read    0x08003a48       0x1c CMakeFiles/gameBobMainMenu.dir/Core/Src/syscalls.c.obj
                0x08003a48                _read
 .text._write   0x08003a64       0x1c CMakeFiles/gameBobMainMenu.dir/Core/Src/syscalls.c.obj
                0x08003a64                _write
 .text._close   0x08003a80        0x6 CMakeFiles/gameBobMainMenu.dir/Core/Src/syscalls.c.obj
                0x08003a80                _close
 .text._fstat   0x08003a86        0xa CMakeFiles/gameBobMainMenu.dir/Core/Src/syscalls.c.obj
                0x08003a86                _fstat
 .text._isatty  0x08003a90        0x4 CMakeFiles/gameBobMainMenu.dir/Core/Src/syscalls.c.obj
                0x08003a90                _isatty
 .text._lseek   0x08003a94        0x4 CMakeFiles/gameBobMainMenu.dir/Core/Src/syscalls.c.obj
                0x08003a94                _lseek
 .text.Reset_Handler
                0x08003a98       0x48 CMakeFiles/gameBobMainMenu.dir/startup_stm32f103xb.s.obj
                0x08003a98                Reset_Handler
 .text.Default_Handler
                0x08003ae0        0x2 CMakeFiles/gameBobMainMenu.dir/startup_stm32f103xb.s.obj
                0x08003ae0                RTC_Alarm_IRQHandler
                0x08003ae0                EXTI2_IRQHandler
                0x08003ae0                TIM1_CC_IRQHandler
                0x08003ae0                PVD_IRQHandler
                0x08003ae0                EXTI3_IRQHandler
                0x08003ae0                EXTI0_IRQHandler
                0x08003ae0                I2C2_EV_IRQHandler
                0x08003ae0                ADC1_2_IRQHandler
                0x08003ae0                SPI1_IRQHandler
                0x08003ae0                TAMPER_IRQHandler
                0x08003ae0                DMA1_Channel4_IRQHandler
                0x08003ae0                RTC_IRQHandler
                0x08003ae0                DMA1_Channel7_IRQHandler
                0x08003ae0                CAN1_RX1_IRQHandler
                0x08003ae0                TIM4_IRQHandler
                0x08003ae0                I2C1_EV_IRQHandler
                0x08003ae0                DMA1_Channel6_IRQHandler
                0x08003ae0                TIM3_IRQHandler
                0x08003ae0                RCC_IRQHandler
                0x08003ae0                TIM1_TRG_COM_IRQHandler
                0x08003ae0                DMA1_Channel1_IRQHandler
                0x08003ae0                Default_Handler
                0x08003ae0                EXTI15_10_IRQHandler
                0x08003ae0                EXTI9_5_IRQHandler
                0x08003ae0                SPI2_IRQHandler
                0x08003ae0                DMA1_Channel5_IRQHandler
                0x08003ae0                EXTI4_IRQHandler
                0x08003ae0                USB_LP_CAN1_RX0_IRQHandler
                0x08003ae0                USB_HP_CAN1_TX_IRQHandler
                0x08003ae0                TIM1_UP_IRQHandler
                0x08003ae0                WWDG_IRQHandler
                0x08003ae0                TIM1_BRK_IRQHandler
                0x08003ae0                EXTI1_IRQHandler
                0x08003ae0                USART2_IRQHandler
                0x08003ae0                I2C2_ER_IRQHandler
                0x08003ae0                DMA1_Channel2_IRQHandler
                0x08003ae0                CAN1_SCE_IRQHandler
                0x08003ae0                FLASH_IRQHandler
                0x08003ae0                USART1_IRQHandler
                0x08003ae0                I2C1_ER_IRQHandler
                0x08003ae0                USBWakeUp_IRQHandler
 *fill*         0x08003ae2        0x2 
 .text.LCD_WriteData
                0x08003ae4       0x84 CMakeFiles/gameBobMainMenu.dir/Drivers/LCD/lcd.c.obj
 .text.LCD_FillPixels
                0x08003b68       0x46 CMakeFiles/gameBobMainMenu.dir/Drivers/LCD/lcd.c.obj
                0x08003b68                LCD_FillPixels
 *fill*         0x08003bae        0x2 
 .text.setSPI_Size.part.0
                0x08003bb0       0x38 CMakeFiles/gameBobMainMenu.dir/Drivers/LCD/lcd.c.obj
 .text.setDMAMemMode
                0x08003be8       0x90 CMakeFiles/gameBobMainMenu.dir/Drivers/LCD/lcd.c.obj
 .text.LCD_Update
                0x08003c78        0x8 CMakeFiles/gameBobMainMenu.dir/Drivers/LCD/lcd.c.obj
 .text.LCD_WriteCommand
                0x08003c80       0x5c CMakeFiles/gameBobMainMenu.dir/Drivers/LCD/lcd.c.obj
 .text.LCD_SetAddressWindow
                0x08003cdc       0x5c CMakeFiles/gameBobMainMenu.dir/Drivers/LCD/lcd.c.obj
 .text.LCD_FillArea
                0x08003d38       0x34 CMakeFiles/gameBobMainMenu.dir/Drivers/LCD/lcd.c.obj
                0x08003d38                LCD_FillArea
 .text.LCD_DrawPixel
                0x08003d6c       0x48 CMakeFiles/gameBobMainMenu.dir/Drivers/LCD/lcd.c.obj
                0x08003d6c                LCD_DrawPixel
 .text.LCD_Fill
                0x08003db4       0x36 CMakeFiles/gameBobMainMenu.dir/Drivers/LCD/lcd.c.obj
                0x08003db4                LCD_Fill
 .text.LCD_DrawLine
                0x08003dea       0x38 CMakeFiles/gameBobMainMenu.dir/Drivers/LCD/lcd.c.obj
                0x08003dea                LCD_DrawLine
 .text.LCD_DrawImage
                0x08003e22       0x56 CMakeFiles/gameBobMainMenu.dir/Drivers/LCD/lcd.c.obj
                0x08003e22                LCD_DrawImage
 .text.LCD_PutStr
                0x08003e78       0x32 CMakeFiles/gameBobMainMenu.dir/Drivers/LCD/lcd.c.obj
                0x08003e78                LCD_PutStr
 .text.LCD_setPower
                0x08003eaa       0x1c CMakeFiles/gameBobMainMenu.dir/Drivers/LCD/lcd.c.obj
                0x08003eaa                LCD_setPower
 *fill*         0x08003ec6        0x2 
 .text.LCD_init
                0x08003ec8       0xa4 CMakeFiles/gameBobMainMenu.dir/Drivers/LCD/lcd.c.obj
                0x08003ec8                LCD_init
 .text._UG_GetCharData
                0x08003f6c      0x11c CMakeFiles/gameBobMainMenu.dir/Drivers/UGUI/ugui.c.obj
 .text._UG_FontSelect
                0x08004088       0x64 CMakeFiles/gameBobMainMenu.dir/Drivers/UGUI/ugui.c.obj
 .text._UG_PutChar
                0x080040ec      0x378 CMakeFiles/gameBobMainMenu.dir/Drivers/UGUI/ugui.c.obj
 .text._UG_DecodeUTF8
                0x08004464       0x74 CMakeFiles/gameBobMainMenu.dir/Drivers/UGUI/ugui.c.obj
 .text.UG_Init  0x080044d8       0x70 CMakeFiles/gameBobMainMenu.dir/Drivers/UGUI/ugui.c.obj
                0x080044d8                UG_Init
 .text.UG_FontSelect
                0x08004548        0xc CMakeFiles/gameBobMainMenu.dir/Drivers/UGUI/ugui.c.obj
                0x08004548                UG_FontSelect
 .text.UG_FillFrame
                0x08004554       0x80 CMakeFiles/gameBobMainMenu.dir/Drivers/UGUI/ugui.c.obj
                0x08004554                UG_FillFrame
 .text.UG_FillScreen
                0x080045d4       0x28 CMakeFiles/gameBobMainMenu.dir/Drivers/UGUI/ugui.c.obj
                0x080045d4                UG_FillScreen
 .text.UG_DrawPixel
                0x080045fc       0x10 CMakeFiles/gameBobMainMenu.dir/Drivers/UGUI/ugui.c.obj
                0x080045fc                UG_DrawPixel
 .text.UG_DrawLine
                0x0800460c      0x118 CMakeFiles/gameBobMainMenu.dir/Drivers/UGUI/ugui.c.obj
                0x0800460c                UG_DrawLine
 .text.UG_DrawFrame
                0x08004724       0x48 CMakeFiles/gameBobMainMenu.dir/Drivers/UGUI/ugui.c.obj
                0x08004724                UG_DrawFrame
 .text.UG_PutString
                0x0800476c       0xb4 CMakeFiles/gameBobMainMenu.dir/Drivers/UGUI/ugui.c.obj
                0x0800476c                UG_PutString
 .text.UG_SetForecolor
                0x08004820       0x10 CMakeFiles/gameBobMainMenu.dir/Drivers/UGUI/ugui.c.obj
                0x08004820                UG_SetForecolor
 .text.UG_SetBackcolor
                0x08004830       0x10 CMakeFiles/gameBobMainMenu.dir/Drivers/UGUI/ugui.c.obj
                0x08004830                UG_SetBackcolor
 .text.UG_FontSetHSpace
                0x08004840       0x10 CMakeFiles/gameBobMainMenu.dir/Drivers/UGUI/ugui.c.obj
                0x08004840                UG_FontSetHSpace
 .text.UG_FontSetVSpace
                0x08004850       0x10 CMakeFiles/gameBobMainMenu.dir/Drivers/UGUI/ugui.c.obj
                0x08004850                UG_FontSetVSpace
 .text._UG_PutText
                0x08004860      0x15c CMakeFiles/gameBobMainMenu.dir/Drivers/UGUI/ugui.c.obj
                0x08004860                _UG_PutText
 .text._UG_WindowDrawTitle.isra.0
                0x080049bc       0xd4 CMakeFiles/gameBobMainMenu.dir/Drivers/UGUI/ugui.c.obj
 .text._UG_DrawObjectFrame
                0x08004a90      0x12e CMakeFiles/gameBobMainMenu.dir/Drivers/UGUI/ugui.c.obj
                0x08004a90                _UG_DrawObjectFrame
 *fill*         0x08004bbe        0x2 
 .text.UG_DriverRegister
                0x08004bc0       0x1c CMakeFiles/gameBobMainMenu.dir/Drivers/UGUI/ugui.c.obj
                0x08004bc0                UG_DriverRegister
 .text.UG_Update
                0x08004bdc      0x2a0 CMakeFiles/gameBobMainMenu.dir/Drivers/UGUI/ugui.c.obj
                0x08004bdc                UG_Update
 .text.vListInitialise
                0x08004e7c       0x16 CMakeFiles/gameBobMainMenu.dir/ThirdParty/FreeRTOS/list.c.obj
                0x08004e7c                vListInitialise
 .text.vListInitialiseItem
                0x08004e92        0x6 CMakeFiles/gameBobMainMenu.dir/ThirdParty/FreeRTOS/list.c.obj
                0x08004e92                vListInitialiseItem
 .text.vListInsert
                0x08004e98       0x2e CMakeFiles/gameBobMainMenu.dir/ThirdParty/FreeRTOS/list.c.obj
                0x08004e98                vListInsert
 .text.uxListRemove
                0x08004ec6       0x20 CMakeFiles/gameBobMainMenu.dir/ThirdParty/FreeRTOS/list.c.obj
                0x08004ec6                uxListRemove
 *fill*         0x08004ee6        0x2 
 .text.prvPortStartFirstTask
                0x08004ee8       0x20 CMakeFiles/gameBobMainMenu.dir/ThirdParty/FreeRTOS/portable/GCC/ARM_CM3/port.c.obj
 .text.prvTaskExitError
                0x08004f08       0x40 CMakeFiles/gameBobMainMenu.dir/ThirdParty/FreeRTOS/portable/GCC/ARM_CM3/port.c.obj
 .text.pxPortInitialiseStack
                0x08004f48       0x24 CMakeFiles/gameBobMainMenu.dir/ThirdParty/FreeRTOS/portable/GCC/ARM_CM3/port.c.obj
                0x08004f48                pxPortInitialiseStack
 *fill*         0x08004f6c        0x4 
 .text.SVC_Handler
                0x08004f70       0x24 CMakeFiles/gameBobMainMenu.dir/ThirdParty/FreeRTOS/portable/GCC/ARM_CM3/port.c.obj
                0x08004f70                SVC_Handler
 .text.vPortEnterCritical
                0x08004f94       0x40 CMakeFiles/gameBobMainMenu.dir/ThirdParty/FreeRTOS/portable/GCC/ARM_CM3/port.c.obj
                0x08004f94                vPortEnterCritical
 .text.vPortExitCritical
                0x08004fd4       0x28 CMakeFiles/gameBobMainMenu.dir/ThirdParty/FreeRTOS/portable/GCC/ARM_CM3/port.c.obj
                0x08004fd4                vPortExitCritical
 *fill*         0x08004ffc        0x4 
 .text.PendSV_Handler
                0x08005000       0x44 CMakeFiles/gameBobMainMenu.dir/ThirdParty/FreeRTOS/portable/GCC/ARM_CM3/port.c.obj
                0x08005000                PendSV_Handler
 .text.SysTick_Handler
                0x08005044       0x2c CMakeFiles/gameBobMainMenu.dir/ThirdParty/FreeRTOS/portable/GCC/ARM_CM3/port.c.obj
                0x08005044                SysTick_Handler
 .text.vPortSetupTimerInterrupt
                0x08005070       0x24 CMakeFiles/gameBobMainMenu.dir/ThirdParty/FreeRTOS/portable/GCC/ARM_CM3/port.c.obj
                0x08005070                vPortSetupTimerInterrupt
 .text.xPortStartScheduler
                0x08005094       0xb0 CMakeFiles/gameBobMainMenu.dir/ThirdParty/FreeRTOS/portable/GCC/ARM_CM3/port.c.obj
                0x08005094                xPortStartScheduler
 .text.prvInsertBlockIntoFreeList
                0x08005144       0x4c CMakeFiles/gameBobMainMenu.dir/ThirdParty/FreeRTOS/portable/MemMang/heap_4.c.obj
 .text.pvPortMalloc
                0x08005190      0x120 CMakeFiles/gameBobMainMenu.dir/ThirdParty/FreeRTOS/portable/MemMang/heap_4.c.obj
                0x08005190                pvPortMalloc
 .text.vPortFree
                0x080052b0       0x74 CMakeFiles/gameBobMainMenu.dir/ThirdParty/FreeRTOS/portable/MemMang/heap_4.c.obj
                0x080052b0                vPortFree
 .text.prvAddNewTaskToReadyList
                0x08005324      0x10c CMakeFiles/gameBobMainMenu.dir/ThirdParty/FreeRTOS/tasks.c.obj
 .text.prvAddCurrentTaskToDelayedList
                0x08005430       0xa0 CMakeFiles/gameBobMainMenu.dir/ThirdParty/FreeRTOS/tasks.c.obj
 .text.prvResetNextTaskUnblockTime
                0x080054d0       0x24 CMakeFiles/gameBobMainMenu.dir/ThirdParty/FreeRTOS/tasks.c.obj
 .text.prvDeleteTCB
                0x080054f4       0x44 CMakeFiles/gameBobMainMenu.dir/ThirdParty/FreeRTOS/tasks.c.obj
 .text.prvIdleTask
                0x08005538       0x60 CMakeFiles/gameBobMainMenu.dir/ThirdParty/FreeRTOS/tasks.c.obj
 .text.prvInitialiseNewTask.constprop.0
                0x08005598       0xd8 CMakeFiles/gameBobMainMenu.dir/ThirdParty/FreeRTOS/tasks.c.obj
 .text.xTaskCreateStatic
                0x08005670       0x94 CMakeFiles/gameBobMainMenu.dir/ThirdParty/FreeRTOS/tasks.c.obj
                0x08005670                xTaskCreateStatic
 .text.xTaskCreate
                0x08005704       0x62 CMakeFiles/gameBobMainMenu.dir/ThirdParty/FreeRTOS/tasks.c.obj
                0x08005704                xTaskCreate
 *fill*         0x08005766        0x2 
 .text.vTaskStartScheduler
                0x08005768       0x84 CMakeFiles/gameBobMainMenu.dir/ThirdParty/FreeRTOS/tasks.c.obj
                0x08005768                vTaskStartScheduler
 .text.vTaskSuspendAll
                0x080057ec       0x10 CMakeFiles/gameBobMainMenu.dir/ThirdParty/FreeRTOS/tasks.c.obj
                0x080057ec                vTaskSuspendAll
 .text.xTaskIncrementTick
                0x080057fc      0x16c CMakeFiles/gameBobMainMenu.dir/ThirdParty/FreeRTOS/tasks.c.obj
                0x080057fc                xTaskIncrementTick
 .text.xTaskResumeAll
                0x08005968      0x13c CMakeFiles/gameBobMainMenu.dir/ThirdParty/FreeRTOS/tasks.c.obj
                0x08005968                xTaskResumeAll
 .text.vTaskDelay
                0x08005aa4       0x48 CMakeFiles/gameBobMainMenu.dir/ThirdParty/FreeRTOS/tasks.c.obj
                0x08005aa4                vTaskDelay
 .text.vTaskSwitchContext
                0x08005aec       0x84 CMakeFiles/gameBobMainMenu.dir/ThirdParty/FreeRTOS/tasks.c.obj
                0x08005aec                vTaskSwitchContext
 .text.reset_flags
                0x08005b70       0x30 CMakeFiles/gameBobMainMenu.dir/Core/Src/esp8266.c.obj
 .text.ESP8266_UART_TxCpltCallback
                0x08005ba0       0x18 CMakeFiles/gameBobMainMenu.dir/Core/Src/esp8266.c.obj
                0x08005ba0                ESP8266_UART_TxCpltCallback
 .text.ESP8266_UART_RxCpltCallback
                0x08005bb8       0x30 CMakeFiles/gameBobMainMenu.dir/Core/Src/esp8266.c.obj
                0x08005bb8                ESP8266_UART_RxCpltCallback
 .text.find_str
                0x08005be8       0x4c CMakeFiles/gameBobMainMenu.dir/Core/Src/esp8266.c.obj
                0x08005be8                find_str
 .text.sendAndReceive
                0x08005c34       0xcc CMakeFiles/gameBobMainMenu.dir/Core/Src/esp8266.c.obj
 .text.Esp8266_SetCwMode
                0x08005d00       0x48 CMakeFiles/gameBobMainMenu.dir/Core/Src/esp8266.c.obj
                0x08005d00                Esp8266_SetCwMode
 .text.Esp8266_ConnectAP
                0x08005d48       0x44 CMakeFiles/gameBobMainMenu.dir/Core/Src/esp8266.c.obj
                0x08005d48                Esp8266_ConnectAP
 .text.Esp8266_StartTCPIPConnection
                0x08005d8c       0x3c CMakeFiles/gameBobMainMenu.dir/Core/Src/esp8266.c.obj
                0x08005d8c                Esp8266_StartTCPIPConnection
 .text.Esp8266_SendIpCommand
                0x08005dc8       0x5c CMakeFiles/gameBobMainMenu.dir/Core/Src/esp8266.c.obj
                0x08005dc8                Esp8266_SendIpCommand
 .text.Esp8266_Init
                0x08005e24       0x48 CMakeFiles/gameBobMainMenu.dir/Core/Src/esp8266.c.obj
                0x08005e24                Esp8266_Init
 .text.intToString
                0x08005e6c       0x62 CMakeFiles/gameBobMainMenu.dir/Core/Src/extraTools.c.obj
                0x08005e6c                intToString
 *fill*         0x08005ece        0x2 
 .text.malloc   0x08005ed0       0x10 C:/Users/Eryk/AppData/Local/stm32cube/bundles/gnu-tools-for-stm32/13.3.1+st.9/bin/../lib/gcc/arm-none-eabi/13.3.1/../../../../arm-none-eabi/lib/thumb/v7-m/nofp\libg_nano.a(libc_a-malloc.o)
                0x08005ed0                malloc
 .text.sbrk_aligned
                0x08005ee0       0x44 C:/Users/Eryk/AppData/Local/stm32cube/bundles/gnu-tools-for-stm32/13.3.1+st.9/bin/../lib/gcc/arm-none-eabi/13.3.1/../../../../arm-none-eabi/lib/thumb/v7-m/nofp\libg_nano.a(libc_a-mallocr.o)
 .text._malloc_r
                0x08005f24      0x100 C:/Users/Eryk/AppData/Local/stm32cube/bundles/gnu-tools-for-stm32/13.3.1+st.9/bin/../lib/gcc/arm-none-eabi/13.3.1/../../../../arm-none-eabi/lib/thumb/v7-m/nofp\libg_nano.a(libc_a-mallocr.o)
                0x08005f24                _malloc_r
 .text.__malloc_lock
                0x08006024        0xc C:/Users/Eryk/AppData/Local/stm32cube/bundles/gnu-tools-for-stm32/13.3.1+st.9/bin/../lib/gcc/arm-none-eabi/13.3.1/../../../../arm-none-eabi/lib/thumb/v7-m/nofp\libg_nano.a(libc_a-mlock.o)
                0x08006024                __malloc_lock
 .text.__malloc_unlock
                0x08006030        0xc C:/Users/Eryk/AppData/Local/stm32cube/bundles/gnu-tools-for-stm32/13.3.1+st.9/bin/../lib/gcc/arm-none-eabi/13.3.1/../../../../arm-none-eabi/lib/thumb/v7-m/nofp\libg_nano.a(libc_a-mlock.o)
                0x08006030                __malloc_unlock
 .text.std      0x0800603c       0x6c C:/Users/Eryk/AppData/Local/stm32cube/bundles/gnu-tools-for-stm32/13.3.1+st.9/bin/../lib/gcc/arm-none-eabi/13.3.1/../../../../arm-none-eabi/lib/thumb/v7-m/nofp\libg_nano.a(libc_a-findfp.o)
 .text.stdio_exit_handler
                0x080060a8       0x18 C:/Users/Eryk/AppData/Local/stm32cube/bundles/gnu-tools-for-stm32/13.3.1+st.9/bin/../lib/gcc/arm-none-eabi/13.3.1/../../../../arm-none-eabi/lib/thumb/v7-m/nofp\libg_nano.a(libc_a-findfp.o)
 .text.cleanup_stdio
                0x080060c0       0x40 C:/Users/Eryk/AppData/Local/stm32cube/bundles/gnu-tools-for-stm32/13.3.1+st.9/bin/../lib/gcc/arm-none-eabi/13.3.1/../../../../arm-none-eabi/lib/thumb/v7-m/nofp\libg_nano.a(libc_a-findfp.o)
 .text.global_stdio_init.part.0
                0x08006100       0x3c C:/Users/Eryk/AppData/Local/stm32cube/bundles/gnu-tools-for-stm32/13.3.1+st.9/bin/../lib/gcc/arm-none-eabi/13.3.1/../../../../arm-none-eabi/lib/thumb/v7-m/nofp\libg_nano.a(libc_a-findfp.o)
 .text.__sfp_lock_acquire
                0x0800613c        0xc C:/Users/Eryk/AppData/Local/stm32cube/bundles/gnu-tools-for-stm32/13.3.1+st.9/bin/../lib/gcc/arm-none-eabi/13.3.1/../../../../arm-none-eabi/lib/thumb/v7-m/nofp\libg_nano.a(libc_a-findfp.o)
                0x0800613c                __sfp_lock_acquire
 .text.__sfp_lock_release
                0x08006148        0xc C:/Users/Eryk/AppData/Local/stm32cube/bundles/gnu-tools-for-stm32/13.3.1+st.9/bin/../lib/gcc/arm-none-eabi/13.3.1/../../../../arm-none-eabi/lib/thumb/v7-m/nofp\libg_nano.a(libc_a-findfp.o)
                0x08006148                __sfp_lock_release
 .text.__sinit  0x08006154       0x30 C:/Users/Eryk/AppData/Local/stm32cube/bundles/gnu-tools-for-stm32/13.3.1+st.9/bin/../lib/gcc/arm-none-eabi/13.3.1/../../../../arm-none-eabi/lib/thumb/v7-m/nofp\libg_nano.a(libc_a-findfp.o)
                0x08006154                __sinit
 .text._fwalk_sglue
                0x08006184       0x3c C:/Users/Eryk/AppData/Local/stm32cube/bundles/gnu-tools-for-stm32/13.3.1+st.9/bin/../lib/gcc/arm-none-eabi/13.3.1/../../../../arm-none-eabi/lib/thumb/v7-m/nofp\libg_nano.a(libc_a-fwalk.o)
                0x08006184                _fwalk_sglue
 .text.sprintf  0x080061c0       0x44 C:/Users/Eryk/AppData/Local/stm32cube/bundles/gnu-tools-for-stm32/13.3.1+st.9/bin/../lib/gcc/arm-none-eabi/13.3.1/../../../../arm-none-eabi/lib/thumb/v7-m/nofp\libg_nano.a(libc_a-sprintf.o)
                0x080061c0                siprintf
                0x080061c0                sprintf
 .text.__sread  0x08006204       0x22 C:/Users/Eryk/AppData/Local/stm32cube/bundles/gnu-tools-for-stm32/13.3.1+st.9/bin/../lib/gcc/arm-none-eabi/13.3.1/../../../../arm-none-eabi/lib/thumb/v7-m/nofp\libg_nano.a(libc_a-stdio.o)
                0x08006204                __sread
 .text.__swrite
                0x08006226       0x38 C:/Users/Eryk/AppData/Local/stm32cube/bundles/gnu-tools-for-stm32/13.3.1+st.9/bin/../lib/gcc/arm-none-eabi/13.3.1/../../../../arm-none-eabi/lib/thumb/v7-m/nofp\libg_nano.a(libc_a-stdio.o)
                0x08006226                __swrite
 .text.__sseek  0x0800625e       0x24 C:/Users/Eryk/AppData/Local/stm32cube/bundles/gnu-tools-for-stm32/13.3.1+st.9/bin/../lib/gcc/arm-none-eabi/13.3.1/../../../../arm-none-eabi/lib/thumb/v7-m/nofp\libg_nano.a(libc_a-stdio.o)
                0x0800625e                __sseek
 .text.__sclose
                0x08006282        0x8 C:/Users/Eryk/AppData/Local/stm32cube/bundles/gnu-tools-for-stm32/13.3.1+st.9/bin/../lib/gcc/arm-none-eabi/13.3.1/../../../../arm-none-eabi/lib/thumb/v7-m/nofp\libg_nano.a(libc_a-stdio.o)
                0x08006282                __sclose
 .text.memset   0x0800628a       0x10 C:/Users/Eryk/AppData/Local/stm32cube/bundles/gnu-tools-for-stm32/13.3.1+st.9/bin/../lib/gcc/arm-none-eabi/13.3.1/../../../../arm-none-eabi/lib/thumb/v7-m/nofp\libg_nano.a(libc_a-memset.o)
                0x0800628a                memset
 .text.strcat   0x0800629a       0x1e C:/Users/Eryk/AppData/Local/stm32cube/bundles/gnu-tools-for-stm32/13.3.1+st.9/bin/../lib/gcc/arm-none-eabi/13.3.1/../../../../arm-none-eabi/lib/thumb/v7-m/nofp\libg_nano.a(libc_a-strcat.o)
                0x0800629a                strcat
 .text.strtok   0x080062b8       0x68 C:/Users/Eryk/AppData/Local/stm32cube/bundles/gnu-tools-for-stm32/13.3.1+st.9/bin/../lib/gcc/arm-none-eabi/13.3.1/../../../../arm-none-eabi/lib/thumb/v7-m/nofp\libg_nano.a(libc_a-strtok.o)
                0x080062b8                strtok
 .text.__strtok_r
                0x08006320       0x50 C:/Users/Eryk/AppData/Local/stm32cube/bundles/gnu-tools-for-stm32/13.3.1+st.9/bin/../lib/gcc/arm-none-eabi/13.3.1/../../../../arm-none-eabi/lib/thumb/v7-m/nofp\libg_nano.a(libc_a-strtok_r.o)
                0x08006320                __strtok_r
 .text.strstr   0x08006370       0x2c C:/Users/Eryk/AppData/Local/stm32cube/bundles/gnu-tools-for-stm32/13.3.1+st.9/bin/../lib/gcc/arm-none-eabi/13.3.1/../../../../arm-none-eabi/lib/thumb/v7-m/nofp\libg_nano.a(libc_a-strstr.o)
                0x08006370                strstr
 .text._close_r
                0x0800639c       0x20 C:/Users/Eryk/AppData/Local/stm32cube/bundles/gnu-tools-for-stm32/13.3.1+st.9/bin/../lib/gcc/arm-none-eabi/13.3.1/../../../../arm-none-eabi/lib/thumb/v7-m/nofp\libg_nano.a(libc_a-closer.o)
                0x0800639c                _close_r
 .text._reclaim_reent
                0x080063bc       0xbc C:/Users/Eryk/AppData/Local/stm32cube/bundles/gnu-tools-for-stm32/13.3.1+st.9/bin/../lib/gcc/arm-none-eabi/13.3.1/../../../../arm-none-eabi/lib/thumb/v7-m/nofp\libg_nano.a(libc_a-reent.o)
                0x080063bc                _reclaim_reent
 .text._lseek_r
                0x08006478       0x24 C:/Users/Eryk/AppData/Local/stm32cube/bundles/gnu-tools-for-stm32/13.3.1+st.9/bin/../lib/gcc/arm-none-eabi/13.3.1/../../../../arm-none-eabi/lib/thumb/v7-m/nofp\libg_nano.a(libc_a-lseekr.o)
                0x08006478                _lseek_r
 .text._read_r  0x0800649c       0x24 C:/Users/Eryk/AppData/Local/stm32cube/bundles/gnu-tools-for-stm32/13.3.1+st.9/bin/../lib/gcc/arm-none-eabi/13.3.1/../../../../arm-none-eabi/lib/thumb/v7-m/nofp\libg_nano.a(libc_a-readr.o)
                0x0800649c                _read_r
 .text._sbrk_r  0x080064c0       0x20 C:/Users/Eryk/AppData/Local/stm32cube/bundles/gnu-tools-for-stm32/13.3.1+st.9/bin/../lib/gcc/arm-none-eabi/13.3.1/../../../../arm-none-eabi/lib/thumb/v7-m/nofp\libg_nano.a(libc_a-sbrkr.o)
                0x080064c0                _sbrk_r
 .text._write_r
                0x080064e0       0x24 C:/Users/Eryk/AppData/Local/stm32cube/bundles/gnu-tools-for-stm32/13.3.1+st.9/bin/../lib/gcc/arm-none-eabi/13.3.1/../../../../arm-none-eabi/lib/thumb/v7-m/nofp\libg_nano.a(libc_a-writer.o)
                0x080064e0                _write_r
 .text.__errno  0x08006504        0xc C:/Users/Eryk/AppData/Local/stm32cube/bundles/gnu-tools-for-stm32/13.3.1+st.9/bin/../lib/gcc/arm-none-eabi/13.3.1/../../../../arm-none-eabi/lib/thumb/v7-m/nofp\libg_nano.a(libc_a-errno.o)
                0x08006504                __errno
 .text.__libc_init_array
                0x08006510       0x48 C:/Users/Eryk/AppData/Local/stm32cube/bundles/gnu-tools-for-stm32/13.3.1+st.9/bin/../lib/gcc/arm-none-eabi/13.3.1/../../../../arm-none-eabi/lib/thumb/v7-m/nofp\libg_nano.a(libc_a-init.o)
                0x08006510                __libc_init_array
 .text.__retarget_lock_init_recursive
                0x08006558        0x2 C:/Users/Eryk/AppData/Local/stm32cube/bundles/gnu-tools-for-stm32/13.3.1+st.9/bin/../lib/gcc/arm-none-eabi/13.3.1/../../../../arm-none-eabi/lib/thumb/v7-m/nofp\libg_nano.a(libc_a-lock.o)
                0x08006558                __retarget_lock_init_recursive
 .text.__retarget_lock_acquire_recursive
                0x0800655a        0x2 C:/Users/Eryk/AppData/Local/stm32cube/bundles/gnu-tools-for-stm32/13.3.1+st.9/bin/../lib/gcc/arm-none-eabi/13.3.1/../../../../arm-none-eabi/lib/thumb/v7-m/nofp\libg_nano.a(libc_a-lock.o)
                0x0800655a                __retarget_lock_acquire_recursive
 .text.__retarget_lock_release_recursive
                0x0800655c        0x2 C:/Users/Eryk/AppData/Local/stm32cube/bundles/gnu-tools-for-stm32/13.3.1+st.9/bin/../lib/gcc/arm-none-eabi/13.3.1/../../../../arm-none-eabi/lib/thumb/v7-m/nofp\libg_nano.a(libc_a-lock.o)
                0x0800655c                __retarget_lock_release_recursive
 .text.strcpy   0x0800655e       0x10 C:/Users/Eryk/AppData/Local/stm32cube/bundles/gnu-tools-for-stm32/13.3.1+st.9/bin/../lib/gcc/arm-none-eabi/13.3.1/../../../../arm-none-eabi/lib/thumb/v7-m/nofp\libg_nano.a(libc_a-strcpy.o)
                0x0800655e                strcpy
 .text.memcpy   0x0800656e       0x1c C:/Users/Eryk/AppData/Local/stm32cube/bundles/gnu-tools-for-stm32/13.3.1+st.9/bin/../lib/gcc/arm-none-eabi/13.3.1/../../../../arm-none-eabi/lib/thumb/v7-m/nofp\libg_nano.a(libc_a-memcpy-stub.o)
                0x0800656e                memcpy
 *fill*         0x0800658a        0x2 
 .text.__assert_func
                0x0800658c       0x3c C:/Users/Eryk/AppData/Local/stm32cube/bundles/gnu-tools-for-stm32/13.3.1+st.9/bin/../lib/gcc/arm-none-eabi/13.3.1/../../../../arm-none-eabi/lib/thumb/v7-m/nofp\libg_nano.a(libc_a-assert.o)
                0x0800658c                __assert_func
 .text._free_r  0x080065c8       0x90 C:/Users/Eryk/AppData/Local/stm32cube/bundles/gnu-tools-for-stm32/13.3.1+st.9/bin/../lib/gcc/arm-none-eabi/13.3.1/../../../../arm-none-eabi/lib/thumb/v7-m/nofp\libg_nano.a(libc_a-freer.o)
                0x080065c8                _free_r
 .text.__ssputs_r
                0x08006658       0xb6 C:/Users/Eryk/AppData/Local/stm32cube/bundles/gnu-tools-for-stm32/13.3.1+st.9/bin/../lib/gcc/arm-none-eabi/13.3.1/../../../../arm-none-eabi/lib/thumb/v7-m/nofp\libg_nano.a(libc_a-nano-svfprintf.o)
                0x08006658                __ssputs_r
 *fill*         0x0800670e        0x2 
 .text._svfprintf_r
                0x08006710      0x1f8 C:/Users/Eryk/AppData/Local/stm32cube/bundles/gnu-tools-for-stm32/13.3.1+st.9/bin/../lib/gcc/arm-none-eabi/13.3.1/../../../../arm-none-eabi/lib/thumb/v7-m/nofp\libg_nano.a(libc_a-nano-svfprintf.o)
                0x08006710                _svfiprintf_r
                0x08006710                _svfprintf_r
 .text._printf_common
                0x08006908       0xe4 C:/Users/Eryk/AppData/Local/stm32cube/bundles/gnu-tools-for-stm32/13.3.1+st.9/bin/../lib/gcc/arm-none-eabi/13.3.1/../../../../arm-none-eabi/lib/thumb/v7-m/nofp\libg_nano.a(libc_a-nano-vfprintf_i.o)
                0x08006908                _printf_common
 .text._printf_i
                0x080069ec      0x23c C:/Users/Eryk/AppData/Local/stm32cube/bundles/gnu-tools-for-stm32/13.3.1+st.9/bin/../lib/gcc/arm-none-eabi/13.3.1/../../../../arm-none-eabi/lib/thumb/v7-m/nofp\libg_nano.a(libc_a-nano-vfprintf_i.o)
                0x080069ec                _printf_i
 .text.__sflush_r
                0x08006c28      0x100 C:/Users/Eryk/AppData/Local/stm32cube/bundles/gnu-tools-for-stm32/13.3.1+st.9/bin/../lib/gcc/arm-none-eabi/13.3.1/../../../../arm-none-eabi/lib/thumb/v7-m/nofp\libg_nano.a(libc_a-fflush.o)
                0x08006c28                __sflush_r
 .text._fflush_r
                0x08006d28       0x50 C:/Users/Eryk/AppData/Local/stm32cube/bundles/gnu-tools-for-stm32/13.3.1+st.9/bin/../lib/gcc/arm-none-eabi/13.3.1/../../../../arm-none-eabi/lib/thumb/v7-m/nofp\libg_nano.a(libc_a-fflush.o)
                0x08006d28                _fflush_r
 .text.fprintf  0x08006d78       0x24 C:/Users/Eryk/AppData/Local/stm32cube/bundles/gnu-tools-for-stm32/13.3.1+st.9/bin/../lib/gcc/arm-none-eabi/13.3.1/../../../../arm-none-eabi/lib/thumb/v7-m/nofp\libg_nano.a(libc_a-fprintf.o)
                0x08006d78                fiprintf
                0x08006d78                fprintf
 .text.memmove  0x08006d9c       0x34 C:/Users/Eryk/AppData/Local/stm32cube/bundles/gnu-tools-for-stm32/13.3.1+st.9/bin/../lib/gcc/arm-none-eabi/13.3.1/../../../../arm-none-eabi/lib/thumb/v7-m/nofp\libg_nano.a(libc_a-memmove.o)
                0x08006d9c                memmove
 .text.memchr   0x08006dd0       0x1c C:/Users/Eryk/AppData/Local/stm32cube/bundles/gnu-tools-for-stm32/13.3.1+st.9/bin/../lib/gcc/arm-none-eabi/13.3.1/../../../../arm-none-eabi/lib/thumb/v7-m/nofp\libg_nano.a(libc_a-memchr-stub.o)
                0x08006dd0                memchr
 .text.abort    0x08006dec        0xe C:/Users/Eryk/AppData/Local/stm32cube/bundles/gnu-tools-for-stm32/13.3.1+st.9/bin/../lib/gcc/arm-none-eabi/13.3.1/../../../../arm-none-eabi/lib/thumb/v7-m/nofp\libg_nano.a(libc_a-abort.o)
                0x08006dec                abort
 .text._realloc_r
                0x08006dfa       0x5c C:/Users/Eryk/AppData/Local/stm32cube/bundles/gnu-tools-for-stm32/13.3.1+st.9/bin/../lib/gcc/arm-none-eabi/13.3.1/../../../../arm-none-eabi/lib/thumb/v7-m/nofp\libg_nano.a(libc_a-reallocr.o)
                0x08006dfa                _realloc_r
 .text.__sfputc_r
                0x08006e56       0x2a C:/Users/Eryk/AppData/Local/stm32cube/bundles/gnu-tools-for-stm32/13.3.1+st.9/bin/../lib/gcc/arm-none-eabi/13.3.1/../../../../arm-none-eabi/lib/thumb/v7-m/nofp\libg_nano.a(libc_a-nano-vfprintf.o)
 .text.__sfputs_r
                0x08006e80       0x24 C:/Users/Eryk/AppData/Local/stm32cube/bundles/gnu-tools-for-stm32/13.3.1+st.9/bin/../lib/gcc/arm-none-eabi/13.3.1/../../../../arm-none-eabi/lib/thumb/v7-m/nofp\libg_nano.a(libc_a-nano-vfprintf.o)
                0x08006e80                __sfputs_r
 .text._vfprintf_r
                0x08006ea4      0x230 C:/Users/Eryk/AppData/Local/stm32cube/bundles/gnu-tools-for-stm32/13.3.1+st.9/bin/../lib/gcc/arm-none-eabi/13.3.1/../../../../arm-none-eabi/lib/thumb/v7-m/nofp\libg_nano.a(libc_a-nano-vfprintf.o)
                0x08006ea4                _vfprintf_r
                0x08006ea4                _vfiprintf_r
 .text.__swbuf_r
                0x080070d4       0x7c C:/Users/Eryk/AppData/Local/stm32cube/bundles/gnu-tools-for-stm32/13.3.1+st.9/bin/../lib/gcc/arm-none-eabi/13.3.1/../../../../arm-none-eabi/lib/thumb/v7-m/nofp\libg_nano.a(libc_a-wbuf.o)
                0x080070d4                __swbuf_r
 .text.__swsetup_r
                0x08007150       0xac C:/Users/Eryk/AppData/Local/stm32cube/bundles/gnu-tools-for-stm32/13.3.1+st.9/bin/../lib/gcc/arm-none-eabi/13.3.1/../../../../arm-none-eabi/lib/thumb/v7-m/nofp\libg_nano.a(libc_a-wsetup.o)
                0x08007150                __swsetup_r
 .text._raise_r
                0x080071fc       0x50 C:/Users/Eryk/AppData/Local/stm32cube/bundles/gnu-tools-for-stm32/13.3.1+st.9/bin/../lib/gcc/arm-none-eabi/13.3.1/../../../../arm-none-eabi/lib/thumb/v7-m/nofp\libg_nano.a(libc_a-signal.o)
                0x080071fc                _raise_r
 .text.raise    0x0800724c       0x10 C:/Users/Eryk/AppData/Local/stm32cube/bundles/gnu-tools-for-stm32/13.3.1+st.9/bin/../lib/gcc/arm-none-eabi/13.3.1/../../../../arm-none-eabi/lib/thumb/v7-m/nofp\libg_nano.a(libc_a-signal.o)
                0x0800724c                raise
 .text._kill_r  0x0800725c       0x24 C:/Users/Eryk/AppData/Local/stm32cube/bundles/gnu-tools-for-stm32/13.3.1+st.9/bin/../lib/gcc/arm-none-eabi/13.3.1/../../../../arm-none-eabi/lib/thumb/v7-m/nofp\libg_nano.a(libc_a-signalr.o)
                0x0800725c                _kill_r
 .text._getpid_r
                0x08007280        0x4 C:/Users/Eryk/AppData/Local/stm32cube/bundles/gnu-tools-for-stm32/13.3.1+st.9/bin/../lib/gcc/arm-none-eabi/13.3.1/../../../../arm-none-eabi/lib/thumb/v7-m/nofp\libg_nano.a(libc_a-signalr.o)
                0x08007280                _getpid_r
 .text._malloc_usable_size_r
                0x08007284       0x10 C:/Users/Eryk/AppData/Local/stm32cube/bundles/gnu-tools-for-stm32/13.3.1+st.9/bin/../lib/gcc/arm-none-eabi/13.3.1/../../../../arm-none-eabi/lib/thumb/v7-m/nofp\libg_nano.a(libc_a-msizer.o)
                0x08007284                _malloc_usable_size_r
 .text.__swhatbuf_r
                0x08007294       0x4a C:/Users/Eryk/AppData/Local/stm32cube/bundles/gnu-tools-for-stm32/13.3.1+st.9/bin/../lib/gcc/arm-none-eabi/13.3.1/../../../../arm-none-eabi/lib/thumb/v7-m/nofp\libg_nano.a(libc_a-makebuf.o)
                0x08007294                __swhatbuf_r
 .text.__smakebuf_r
                0x080072de       0x78 C:/Users/Eryk/AppData/Local/stm32cube/bundles/gnu-tools-for-stm32/13.3.1+st.9/bin/../lib/gcc/arm-none-eabi/13.3.1/../../../../arm-none-eabi/lib/thumb/v7-m/nofp\libg_nano.a(libc_a-makebuf.o)
                0x080072de                __smakebuf_r
 *fill*         0x08007356        0x2 
 .text._fstat_r
                0x08007358       0x24 C:/Users/Eryk/AppData/Local/stm32cube/bundles/gnu-tools-for-stm32/13.3.1+st.9/bin/../lib/gcc/arm-none-eabi/13.3.1/../../../../arm-none-eabi/lib/thumb/v7-m/nofp\libg_nano.a(libc_a-fstatr.o)
                0x08007358                _fstat_r
 .text._isatty_r
                0x0800737c       0x20 C:/Users/Eryk/AppData/Local/stm32cube/bundles/gnu-tools-for-stm32/13.3.1+st.9/bin/../lib/gcc/arm-none-eabi/13.3.1/../../../../arm-none-eabi/lib/thumb/v7-m/nofp\libg_nano.a(libc_a-isattyr.o)
                0x0800737c                _isatty_r
 *(.glue_7)
 .glue_7        0x0800739c        0x0 linker stubs
 *(.glue_7t)
 .glue_7t       0x0800739c        0x0 linker stubs
 *(.eh_frame)
 .eh_frame      0x0800739c        0x0 C:/Users/Eryk/AppData/Local/stm32cube/bundles/gnu-tools-for-stm32/13.3.1+st.9/bin/../lib/gcc/arm-none-eabi/13.3.1/thumb/v7-m/nofp/crtbegin.o
 *(.init)
 .init          0x0800739c        0x4 C:/Users/Eryk/AppData/Local/stm32cube/bundles/gnu-tools-for-stm32/13.3.1+st.9/bin/../lib/gcc/arm-none-eabi/13.3.1/thumb/v7-m/nofp/crti.o
                0x0800739c                _init
 .init          0x080073a0        0x8 C:/Users/Eryk/AppData/Local/stm32cube/bundles/gnu-tools-for-stm32/13.3.1+st.9/bin/../lib/gcc/arm-none-eabi/13.3.1/thumb/v7-m/nofp/crtn.o
 *(.fini)
 .fini          0x080073a8        0x4 C:/Users/Eryk/AppData/Local/stm32cube/bundles/gnu-tools-for-stm32/13.3.1+st.9/bin/../lib/gcc/arm-none-eabi/13.3.1/thumb/v7-m/nofp/crti.o
                0x080073a8                _fini
 .fini          0x080073ac        0x8 C:/Users/Eryk/AppData/Local/stm32cube/bundles/gnu-tools-for-stm32/13.3.1+st.9/bin/../lib/gcc/arm-none-eabi/13.3.1/thumb/v7-m/nofp/crtn.o
                0x080073b4                        . = ALIGN (0x4)
                0x080073b4                        _etext = .

.vfp11_veneer   0x080073b4        0x0
 .vfp11_veneer  0x080073b4        0x0 linker stubs

.v4_bx          0x080073b4        0x0
 .v4_bx         0x080073b4        0x0 linker stubs

.iplt           0x080073b4        0x0
 .iplt          0x080073b4        0x0 C:/Users/Eryk/AppData/Local/stm32cube/bundles/gnu-tools-for-stm32/13.3.1+st.9/bin/../lib/gcc/arm-none-eabi/13.3.1/thumb/v7-m/nofp/crtbegin.o

.rodata         0x080073b4     0x861c
                0x080073b4                        . = ALIGN (0x4)
 *(.rodata)
 .rodata        0x080073b4       0x10 CMakeFiles/gameBobMainMenu.dir/Core/Src/main.c.obj
 *(.rodata*)
 .rodata.APBPrescTable
                0x080073c4        0x8 cmake/stm32cubemx/CMakeFiles/STM32_Drivers.dir/__/__/Core/Src/system_stm32f1xx.c.obj
                0x080073c4                APBPrescTable
 .rodata.AHBPrescTable
                0x080073cc       0x10 cmake/stm32cubemx/CMakeFiles/STM32_Drivers.dir/__/__/Core/Src/system_stm32f1xx.c.obj
                0x080073cc                AHBPrescTable
 .rodata.aPredivFactorTable.0
                0x080073dc        0x2 cmake/stm32cubemx/CMakeFiles/STM32_Drivers.dir/__/__/Drivers/STM32F1xx_HAL_Driver/Src/stm32f1xx_hal_rcc.c.obj
 .rodata.aPLLMULFactorTable.1
                0x080073de       0x10 cmake/stm32cubemx/CMakeFiles/STM32_Drivers.dir/__/__/Drivers/STM32F1xx_HAL_Driver/Src/stm32f1xx_hal_rcc.c.obj
 .rodata.aPredivFactorTable.0
                0x080073ee        0x2 cmake/stm32cubemx/CMakeFiles/STM32_Drivers.dir/__/__/Drivers/STM32F1xx_HAL_Driver/Src/stm32f1xx_hal_rcc_ex.c.obj
 .rodata.aPLLMULFactorTable.1
                0x080073f0       0x10 cmake/stm32cubemx/CMakeFiles/STM32_Drivers.dir/__/__/Drivers/STM32F1xx_HAL_Driver/Src/stm32f1xx_hal_rcc_ex.c.obj
 .rodata.drawFailureScreen.str1.1
                0x08007400      0x2a9 CMakeFiles/gameBobMainMenu.dir/Core/Src/main.c.obj
                                 0x1a (size before relaxing)
 .rodata.drawSelectGameScreen.str1.1
                0x080076a9        0x0 CMakeFiles/gameBobMainMenu.dir/Core/Src/main.c.obj
                                 0x76 (size before relaxing)
 .rodata.drawMainMenu.str1.1
                0x080076a9        0x0 CMakeFiles/gameBobMainMenu.dir/Core/Src/main.c.obj
                                 0x14 (size before relaxing)
 .rodata.taskMainMenu.str1.1
                0x080076a9        0x0 CMakeFiles/gameBobMainMenu.dir/Core/Src/main.c.obj
                                 0x61 (size before relaxing)
 .rodata.main.str1.1
                0x080076a9        0x0 CMakeFiles/gameBobMainMenu.dir/Core/Src/main.c.obj
                                 0x23 (size before relaxing)
 .rodata.str1.1
                0x080076a9        0x0 CMakeFiles/gameBobMainMenu.dir/Core/Src/main.c.obj
                                 0x16 (size before relaxing)
 .rodata.init_cmd
                0x080076a9       0x4c CMakeFiles/gameBobMainMenu.dir/Drivers/LCD/lcd.c.obj
                0x080076a9                init_cmd
 .rodata.image_data_load_game_pic
                0x080076f5      0x231 CMakeFiles/gameBobMainMenu.dir/Drivers/LCD/load_game_pic.c.obj
 .rodata.image_data_play_game_pic
                0x08007926      0x231 CMakeFiles/gameBobMainMenu.dir/Drivers/LCD/play_game_pic.c.obj
 .rodata.image_data_power_off_pic
                0x08007b57      0x231 CMakeFiles/gameBobMainMenu.dir/Drivers/LCD/power_off_pic.c.obj
 .rodata.FONT_10X16
                0x08007d88     0x200e CMakeFiles/gameBobMainMenu.dir/Drivers/UGUI/Fonts/font_10x16.c.obj
                0x08007d88                FONT_10X16
 .rodata.FONT_12X20
                0x08009d96     0x280e CMakeFiles/gameBobMainMenu.dir/Drivers/UGUI/Fonts/font_12x20.c.obj
                0x08009d96                FONT_12X20
 .rodata.FONT_16X26
                0x0800c5a4     0x340e CMakeFiles/gameBobMainMenu.dir/Drivers/UGUI/Fonts/font_16x26.c.obj
                0x0800c5a4                FONT_16X26
 .rodata.pal_window
                0x0800f9b2       0x18 CMakeFiles/gameBobMainMenu.dir/Drivers/UGUI/ugui.c.obj
 .rodata.vTaskStartScheduler.str1.1
                0x0800f9ca        0x0 CMakeFiles/gameBobMainMenu.dir/ThirdParty/FreeRTOS/tasks.c.obj
                                  0x5 (size before relaxing)
 *fill*         0x0800f9ca        0x2 
 .rodata.uxTopUsedPriority
                0x0800f9cc        0x4 CMakeFiles/gameBobMainMenu.dir/ThirdParty/FreeRTOS/tasks.c.obj
                0x0800f9cc                uxTopUsedPriority
 .rodata.sendAndReceive.str1.1
                0x0800f9d0        0x0 CMakeFiles/gameBobMainMenu.dir/Core/Src/esp8266.c.obj
                                 0x29 (size before relaxing)
 .rodata.Esp8266_SetCwMode.str1.1
                0x0800f9d0        0x0 CMakeFiles/gameBobMainMenu.dir/Core/Src/esp8266.c.obj
                                  0xf (size before relaxing)
 .rodata.Esp8266_ConnectAP.str1.1
                0x0800f9d0        0x0 CMakeFiles/gameBobMainMenu.dir/Core/Src/esp8266.c.obj
                                 0x19 (size before relaxing)
 .rodata.Esp8266_StartTCPIPConnection.str1.1
                0x0800f9d0        0x0 CMakeFiles/gameBobMainMenu.dir/Core/Src/esp8266.c.obj
                                 0x1c (size before relaxing)
 .rodata.Esp8266_SendIpCommand.str1.1
                0x0800f9d0        0x0 CMakeFiles/gameBobMainMenu.dir/Core/Src/esp8266.c.obj
                                 0x10 (size before relaxing)
 .rodata.Esp8266_Init.str1.1
                0x0800f9d0        0x0 CMakeFiles/gameBobMainMenu.dir/Core/Src/esp8266.c.obj
                                  0xe (size before relaxing)
 .rodata.strtok.str1.1
                0x0800f9d0        0x0 C:/Users/Eryk/AppData/Local/stm32cube/bundles/gnu-tools-for-stm32/13.3.1+st.9/bin/../lib/gcc/arm-none-eabi/13.3.1/../../../../arm-none-eabi/lib/thumb/v7-m/nofp\libg_nano.a(libc_a-strtok.o)
                                 0x71 (size before relaxing)
 .rodata.__assert_func.str1.1
                0x0800f9d0        0x0 C:/Users/Eryk/AppData/Local/stm32cube/bundles/gnu-tools-for-stm32/13.3.1+st.9/bin/../lib/gcc/arm-none-eabi/13.3.1/../../../../arm-none-eabi/lib/thumb/v7-m/nofp\libg_nano.a(libc_a-assert.o)
                                 0x3d (size before relaxing)
 .rodata._svfprintf_r.str1.1
                0x0800f9d0        0x0 C:/Users/Eryk/AppData/Local/stm32cube/bundles/gnu-tools-for-stm32/13.3.1+st.9/bin/../lib/gcc/arm-none-eabi/13.3.1/../../../../arm-none-eabi/lib/thumb/v7-m/nofp\libg_nano.a(libc_a-nano-svfprintf.o)
                                 0x11 (size before relaxing)
 .rodata._printf_i.str1.1
                0x0800f9d0        0x0 C:/Users/Eryk/AppData/Local/stm32cube/bundles/gnu-tools-for-stm32/13.3.1+st.9/bin/../lib/gcc/arm-none-eabi/13.3.1/../../../../arm-none-eabi/lib/thumb/v7-m/nofp\libg_nano.a(libc_a-nano-vfprintf_i.o)
                                 0x22 (size before relaxing)
 .rodata._vfprintf_r.str1.1
                0x0800f9d0        0x0 C:/Users/Eryk/AppData/Local/stm32cube/bundles/gnu-tools-for-stm32/13.3.1+st.9/bin/../lib/gcc/arm-none-eabi/13.3.1/../../../../arm-none-eabi/lib/thumb/v7-m/nofp\libg_nano.a(libc_a-nano-vfprintf.o)
                                 0x11 (size before relaxing)
                0x0800f9d0                        . = ALIGN (0x4)

.ARM.extab      0x0800f9d0        0x0
                0x0800f9d0                        . = ALIGN (0x4)
 *(.ARM.extab* .gnu.linkonce.armextab.*)
                0x0800f9d0                        . = ALIGN (0x4)

.ARM            0x0800f9d0        0x8
                0x0800f9d0                        . = ALIGN (0x4)
                0x0800f9d0                        __exidx_start = .
 *(.ARM.exidx*)
 .ARM.exidx     0x0800f9d0        0x8 C:/Users/Eryk/AppData/Local/stm32cube/bundles/gnu-tools-for-stm32/13.3.1+st.9/bin/../lib/gcc/arm-none-eabi/13.3.1/../../../../arm-none-eabi/lib/thumb/v7-m/nofp\libg_nano.a(libc_a-strlen.o)
                0x0800f9d8                        __exidx_end = .
                0x0800f9d8                        . = ALIGN (0x4)

.preinit_array  0x0800f9d8        0x0
                0x0800f9d8                        . = ALIGN (0x4)
                0x0800f9d8                        PROVIDE (__preinit_array_start = .)
 *(.preinit_array*)
                0x0800f9d8                        PROVIDE (__preinit_array_end = .)
                0x0800f9d8                        . = ALIGN (0x4)

.init_array     0x0800f9d8        0x4
                0x0800f9d8                        . = ALIGN (0x4)
                0x0800f9d8                        PROVIDE (__init_array_start = .)
 *(SORT_BY_NAME(.init_array.*))
 *(.init_array*)
 .init_array    0x0800f9d8        0x4 C:/Users/Eryk/AppData/Local/stm32cube/bundles/gnu-tools-for-stm32/13.3.1+st.9/bin/../lib/gcc/arm-none-eabi/13.3.1/thumb/v7-m/nofp/crtbegin.o
                0x0800f9dc                        PROVIDE (__init_array_end = .)
                0x0800f9dc                        . = ALIGN (0x4)

.fini_array     0x0800f9dc        0x4
                0x0800f9dc                        . = ALIGN (0x4)
                [!provide]                        PROVIDE (__fini_array_start = .)
 *(SORT_BY_NAME(.fini_array.*))
 *(.fini_array*)
 .fini_array    0x0800f9dc        0x4 C:/Users/Eryk/AppData/Local/stm32cube/bundles/gnu-tools-for-stm32/13.3.1+st.9/bin/../lib/gcc/arm-none-eabi/13.3.1/thumb/v7-m/nofp/crtbegin.o
                [!provide]                        PROVIDE (__fini_array_end = .)
                0x0800f9e0                        . = ALIGN (0x4)
                0x0800f9e0                        _sidata = LOADADDR (.data)

.rel.dyn        0x0800f9e0        0x0
 .rel.iplt      0x0800f9e0        0x0 C:/Users/Eryk/AppData/Local/stm32cube/bundles/gnu-tools-for-stm32/13.3.1+st.9/bin/../lib/gcc/arm-none-eabi/13.3.1/thumb/v7-m/nofp/crtbegin.o

.data           0x20000000       0x9c load address 0x0800f9e0
                0x20000000                        . = ALIGN (0x4)
                0x20000000                        _sdata = .
 *(.data)
 *(.data*)
 .data.SystemCoreClock
                0x20000000        0x4 cmake/stm32cubemx/CMakeFiles/STM32_Drivers.dir/__/__/Core/Src/system_stm32f1xx.c.obj
                0x20000000                SystemCoreClock
 .data.uwTickFreq
                0x20000004        0x1 cmake/stm32cubemx/CMakeFiles/STM32_Drivers.dir/__/__/Drivers/STM32F1xx_HAL_Driver/Src/stm32f1xx_hal.c.obj
                0x20000004                uwTickFreq
 *fill*         0x20000005        0x3 
 .data.uwTickPrio
                0x20000008        0x4 cmake/stm32cubemx/CMakeFiles/STM32_Drivers.dir/__/__/Drivers/STM32F1xx_HAL_Driver/Src/stm32f1xx_hal.c.obj
                0x20000008                uwTickPrio
 .data.pwd      0x2000000c        0x4 CMakeFiles/gameBobMainMenu.dir/Core/Src/main.c.obj
                0x2000000c                pwd
 .data.ssid     0x20000010        0x4 CMakeFiles/gameBobMainMenu.dir/Core/Src/main.c.obj
                0x20000010                ssid
 .data.device   0x20000014        0xc CMakeFiles/gameBobMainMenu.dir/Drivers/LCD/lcd.c.obj
 .data.config   0x20000020        0x3 CMakeFiles/gameBobMainMenu.dir/Drivers/LCD/lcd.c.obj
                0x20000020                config
 *fill*         0x20000023        0x1 
 .data.load_game_pic
                0x20000024        0x8 CMakeFiles/gameBobMainMenu.dir/Drivers/LCD/load_game_pic.c.obj
                0x20000024                load_game_pic
 .data.play_game_pic
                0x2000002c        0x8 CMakeFiles/gameBobMainMenu.dir/Drivers/LCD/play_game_pic.c.obj
                0x2000002c                play_game_pic
 .data.power_off_pic
                0x20000034        0x8 CMakeFiles/gameBobMainMenu.dir/Drivers/LCD/power_off_pic.c.obj
                0x20000034                power_off_pic
 .data.uxCriticalNesting
                0x2000003c        0x4 CMakeFiles/gameBobMainMenu.dir/ThirdParty/FreeRTOS/portable/GCC/ARM_CM3/port.c.obj
 .data.__sglue  0x20000040        0xc C:/Users/Eryk/AppData/Local/stm32cube/bundles/gnu-tools-for-stm32/13.3.1+st.9/bin/../lib/gcc/arm-none-eabi/13.3.1/../../../../arm-none-eabi/lib/thumb/v7-m/nofp\libg_nano.a(libc_a-findfp.o)
                0x20000040                __sglue
 .data._impure_ptr
                0x2000004c        0x4 C:/Users/Eryk/AppData/Local/stm32cube/bundles/gnu-tools-for-stm32/13.3.1+st.9/bin/../lib/gcc/arm-none-eabi/13.3.1/../../../../arm-none-eabi/lib/thumb/v7-m/nofp\libg_nano.a(libc_a-impure.o)
                0x2000004c                _impure_ptr
 .data._impure_data
                0x20000050       0x4c C:/Users/Eryk/AppData/Local/stm32cube/bundles/gnu-tools-for-stm32/13.3.1+st.9/bin/../lib/gcc/arm-none-eabi/13.3.1/../../../../arm-none-eabi/lib/thumb/v7-m/nofp\libg_nano.a(libc_a-impure.o)
                0x20000050                _impure_data
 *(.RamFunc)
 *(.RamFunc*)
                0x2000009c                        . = ALIGN (0x4)

.igot.plt       0x2000009c        0x0 load address 0x0800fa7c
 .igot.plt      0x2000009c        0x0 C:/Users/Eryk/AppData/Local/stm32cube/bundles/gnu-tools-for-stm32/13.3.1+st.9/bin/../lib/gcc/arm-none-eabi/13.3.1/thumb/v7-m/nofp/crtbegin.o

.tdata          0x2000009c        0x0 load address 0x0800fa7c
 *(.tdata .tdata.* .gnu.linkonce.td.*)
                0x2000009c                        . = ALIGN (0x4)
                0x2000009c                        _edata = .
                [!provide]                        PROVIDE (__data_end = .)
                [!provide]                        PROVIDE (__tdata_end = .)
                [!provide]                        PROVIDE (__tdata_start = ADDR (.tdata))
                [!provide]                        PROVIDE (__tdata_size = (__tdata_end - __tdata_start))
                [!provide]                        PROVIDE (__data_start = ADDR (.data))
                [!provide]                        PROVIDE (__data_size = (__data_end - __data_start))
                [!provide]                        PROVIDE (__tdata_source = LOADADDR (.tdata))
                [!provide]                        PROVIDE (__tdata_source_end = (LOADADDR (.tdata) + SIZEOF (.tdata)))
                [!provide]                        PROVIDE (__tdata_source_size = (__tdata_source_end - __tdata_source))
                [!provide]                        PROVIDE (__data_source = LOADADDR (.data))
                [!provide]                        PROVIDE (__data_source_end = __tdata_source_end)
                [!provide]                        PROVIDE (__data_source_size = (__data_source_end - __data_source))

.tbss           0x2000009c        0x0 load address 0x0800fa7c
                0x2000009c                        _sbss = .
                0x2000009c                        __bss_start__ = _sbss
 *(.tbss .tbss.*)
                0x2000009c                        . = ALIGN (0x4)
                [!provide]                        PROVIDE (__tbss_end = .)
                [!provide]                        PROVIDE (__tbss_start = ADDR (.tbss))
                [!provide]                        PROVIDE (__tbss_size = (__tbss_end - __tbss_start))
                [!provide]                        PROVIDE (__tbss_offset = (ADDR (.tbss) - ADDR (.tdata)))
                [!provide]                        PROVIDE (__tls_base = __tdata_start)
                [!provide]                        PROVIDE (__tls_end = __tbss_end)
                [!provide]                        PROVIDE (__tls_size = (__tls_end - __tls_base))
                [!provide]                        PROVIDE (__tls_align = MAX (ALIGNOF (.tdata), ALIGNOF (.tbss)))
                [!provide]                        PROVIDE (__tls_size_align = (((__tls_size + __tls_align) - 0x1) & ~ ((__tls_align - 0x1))))
                [!provide]                        PROVIDE (__arm32_tls_tcb_offset = MAX (0x8, __tls_align))
                [!provide]                        PROVIDE (__arm64_tls_tcb_offset = MAX (0x10, __tls_align))

.bss            0x200000a0     0x4070 load address 0x0800fa7c
 *(.bss)
 .bss           0x200000a0       0x1c C:/Users/Eryk/AppData/Local/stm32cube/bundles/gnu-tools-for-stm32/13.3.1+st.9/bin/../lib/gcc/arm-none-eabi/13.3.1/thumb/v7-m/nofp/crtbegin.o
 *(.bss*)
 .bss.uwTick    0x200000bc        0x4 cmake/stm32cubemx/CMakeFiles/STM32_Drivers.dir/__/__/Drivers/STM32F1xx_HAL_Driver/Src/stm32f1xx_hal.c.obj
                0x200000bc                uwTick
 .bss.pFlash    0x200000c0       0x20 cmake/stm32cubemx/CMakeFiles/STM32_Drivers.dir/__/__/Drivers/STM32F1xx_HAL_Driver/Src/stm32f1xx_hal_flash.c.obj
                0x200000c0                pFlash
 .bss.h_task_main_menu
                0x200000e0        0x4 CMakeFiles/gameBobMainMenu.dir/Core/Src/main.c.obj
                0x200000e0                h_task_main_menu
 .bss.selected_game
                0x200000e4        0x1 CMakeFiles/gameBobMainMenu.dir/Core/Src/main.c.obj
 .bss.nr_of_games
                0x200000e5        0x1 CMakeFiles/gameBobMainMenu.dir/Core/Src/main.c.obj
 *fill*         0x200000e6        0x2 
 .bss.xIdleStack
                0x200000e8      0x200 CMakeFiles/gameBobMainMenu.dir/Core/Src/main.c.obj
 .bss.xIdleTaskTCBBuffer
                0x200002e8      0x198 CMakeFiles/gameBobMainMenu.dir/Core/Src/main.c.obj
 .bss.screen    0x20000480        0x1 CMakeFiles/gameBobMainMenu.dir/Core/Src/main.c.obj
 .bss.selected_menu_option
                0x20000481        0x1 CMakeFiles/gameBobMainMenu.dir/Core/Src/main.c.obj
 .bss.uInputOld
                0x20000482       0x14 CMakeFiles/gameBobMainMenu.dir/Core/Src/main.c.obj
 .bss.uInput    0x20000496       0x14 CMakeFiles/gameBobMainMenu.dir/Core/Src/main.c.obj
 *fill*         0x200004aa        0x2 
 .bss.huart3    0x200004ac       0x48 CMakeFiles/gameBobMainMenu.dir/Core/Src/main.c.obj
                0x200004ac                huart3
 .bss.huart2    0x200004f4       0x48 CMakeFiles/gameBobMainMenu.dir/Core/Src/main.c.obj
                0x200004f4                huart2
 .bss.htim1     0x2000053c       0x48 CMakeFiles/gameBobMainMenu.dir/Core/Src/main.c.obj
                0x2000053c                htim1
 .bss.hdma_spi1_tx
                0x20000584       0x44 CMakeFiles/gameBobMainMenu.dir/Core/Src/main.c.obj
                0x20000584                hdma_spi1_tx
 .bss.hspi1     0x200005c8       0x58 CMakeFiles/gameBobMainMenu.dir/Core/Src/main.c.obj
                0x200005c8                hspi1
 .bss.hadc1     0x20000620       0x30 CMakeFiles/gameBobMainMenu.dir/Core/Src/main.c.obj
                0x20000620                hadc1
 .bss.htim2     0x20000650       0x48 CMakeFiles/gameBobMainMenu.dir/Core/Src/stm32f1xx_hal_timebase_tim.c.obj
                0x20000650                htim2
 .bss.__sbrk_heap_end
                0x20000698        0x4 CMakeFiles/gameBobMainMenu.dir/Core/Src/sysmem.c.obj
 .bss.gui       0x2000069c       0x74 CMakeFiles/gameBobMainMenu.dir/Drivers/LCD/lcd.c.obj
 .bss.msg.0     0x20000710        0x8 CMakeFiles/gameBobMainMenu.dir/Drivers/UGUI/ugui.c.obj
 .bss.last_width.1
                0x20000718        0x2 CMakeFiles/gameBobMainMenu.dir/Drivers/UGUI/ugui.c.obj
 *fill*         0x2000071a        0x2 
 .bss.last_p.2  0x2000071c        0x4 CMakeFiles/gameBobMainMenu.dir/Drivers/UGUI/ugui.c.obj
 .bss.last_encoding.3
                0x20000720        0x2 CMakeFiles/gameBobMainMenu.dir/Drivers/UGUI/ugui.c.obj
 *fill*         0x20000722        0x2 
 .bss.last_font.4
                0x20000724        0x4 CMakeFiles/gameBobMainMenu.dir/Drivers/UGUI/ugui.c.obj
 .bss.gui       0x20000728        0x4 CMakeFiles/gameBobMainMenu.dir/Drivers/UGUI/ugui.c.obj
 .bss.ulMaxPRIGROUPValue
                0x2000072c        0x4 CMakeFiles/gameBobMainMenu.dir/ThirdParty/FreeRTOS/portable/GCC/ARM_CM3/port.c.obj
 .bss.ucMaxSysCallPriority